Archive member included to satisfy reference by file (symbol)

app/libapp.a(socket_echo.c.obj)
                              (--whole-archive)
app/libapp.a(wifi_demo.c.obj)
                              (--whole-archive)
zephyr/libzephyr.a(cbprintf.c.obj)
                              (--whole-archive)
zephyr/libzephyr.a(cbprintf_packaged.c.obj)
                              (--whole-archive)
zephyr/libzephyr.a(crc32c_sw.c.obj)
                              (--whole-archive)
zephyr/libzephyr.a(crc32_sw.c.obj)
                              (--whole-archive)
zephyr/libzephyr.a(crc16_sw.c.obj)
                              (--whole-archive)
zephyr/libzephyr.a(crc8_sw.c.obj)
                              (--whole-archive)
zephyr/libzephyr.a(crc7_sw.c.obj)
                              (--whole-archive)
zephyr/libzephyr.a(dec.c.obj)
                              (--whole-archive)
zephyr/libzephyr.a(fdtable.c.obj)
                              (--whole-archive)
zephyr/libzephyr.a(hex.c.obj)
                              (--whole-archive)
zephyr/libzephyr.a(notify.c.obj)
                              (--whole-archive)
zephyr/libzephyr.a(printk.c.obj)
                              (--whole-archive)
zephyr/libzephyr.a(onoff.c.obj)
                              (--whole-archive)
zephyr/libzephyr.a(rb.c.obj)  (--whole-archive)
zephyr/libzephyr.a(sem.c.obj)
                              (--whole-archive)
zephyr/libzephyr.a(thread_entry.c.obj)
                              (--whole-archive)
zephyr/libzephyr.a(timeutil.c.obj)
                              (--whole-archive)
zephyr/libzephyr.a(heap.c.obj)
                              (--whole-archive)
zephyr/libzephyr.a(heap-validate.c.obj)
                              (--whole-archive)
zephyr/libzephyr.a(bitarray.c.obj)
                              (--whole-archive)
zephyr/libzephyr.a(multi_heap.c.obj)
                              (--whole-archive)
zephyr/libzephyr.a(cbprintf_complete.c.obj)
                              (--whole-archive)
zephyr/libzephyr.a(ring_buffer.c.obj)
                              (--whole-archive)
zephyr/libzephyr.a(fnmatch.c.obj)
                              (--whole-archive)
zephyr/libzephyr.a(configs.c.obj)
                              (--whole-archive)
zephyr/libzephyr.a(soc.c.obj)
                              (--whole-archive)
zephyr/libzephyr.a(stm32cube_hal.c.obj)
                              (--whole-archive)
zephyr/libzephyr.a(soc_config.c.obj)
                              (--whole-archive)
zephyr/libzephyr.a(kernel_service.c.obj)
                              (--whole-archive)
zephyr/libzephyr.a(device_service.c.obj)
                              (--whole-archive)
zephyr/libzephyr.a(devmem_service.c.obj)
                              (--whole-archive)
zephyr/libzephyr.a(shell_uart.c.obj)
                              (--whole-archive)
zephyr/libzephyr.a(shell.c.obj)
                              (--whole-archive)
zephyr/libzephyr.a(shell_fprintf.c.obj)
                              (--whole-archive)
zephyr/libzephyr.a(shell_utils.c.obj)
                              (--whole-archive)
zephyr/libzephyr.a(shell_ops.c.obj)
                              (--whole-archive)
zephyr/libzephyr.a(shell_help.c.obj)
                              (--whole-archive)
zephyr/libzephyr.a(shell_cmds.c.obj)
                              (--whole-archive)
zephyr/libzephyr.a(shell_history.c.obj)
                              (--whole-archive)
zephyr/libzephyr.a(shell_wildcard.c.obj)
                              (--whole-archive)
zephyr/libzephyr.a(addr_utils.c.obj)
                              (--whole-archive)
zephyr/libzephyr.a(getaddrinfo.c.obj)
                              (--whole-archive)
zephyr/libzephyr.a(sockets.c.obj)
                              (--whole-archive)
zephyr/libzephyr.a(sockets_select.c.obj)
                              (--whole-archive)
zephyr/libzephyr.a(socket_offload.c.obj)
                              (--whole-archive)
zephyr/libzephyr.a(tracing_none.c.obj)
                              (--whole-archive)
zephyr/arch/common/libarch__common.a(sw_isr_common.c.obj)
                              (--whole-archive)
zephyr/arch/arch/arm/core/aarch32/libarch__arm__core__aarch32.a(cpu_idle.S.obj)
                              (--whole-archive)
zephyr/arch/arch/arm/core/aarch32/libarch__arm__core__aarch32.a(fatal.c.obj)
                              (--whole-archive)
zephyr/arch/arch/arm/core/aarch32/libarch__arm__core__aarch32.a(irq_manage.c.obj)
                              (--whole-archive)
zephyr/arch/arch/arm/core/aarch32/libarch__arm__core__aarch32.a(nmi.c.obj)
                              (--whole-archive)
zephyr/arch/arch/arm/core/aarch32/libarch__arm__core__aarch32.a(nmi_on_reset.S.obj)
                              (--whole-archive)
zephyr/arch/arch/arm/core/aarch32/libarch__arm__core__aarch32.a(prep_c.c.obj)
                              (--whole-archive)
[...]
Memory Configuration

Name             Origin             Length             Attributes
FLASH            0x0000000008000000 0x0000000000100000 xr
SRAM             0x0000000020000000 0x0000000000018000 xw
IDT_LIST         0x00000000fffff7ff 0x0000000000000800 xw
*default*        0x0000000000000000 0xffffffffffffffff

Linker script and memory map

LOAD zephyr/CMakeFiles/zephyr_final.dir/misc/empty_file.c.obj
LOAD zephyr/CMakeFiles/zephyr_final.dir/dev_handles.c.obj
LOAD zephyr/CMakeFiles/zephyr_final.dir/isr_tables.c.obj
LOAD zephyr/CMakeFiles/offsets.dir/./arch/arm/core/offsets/offsets.c.obj
                0x0000000000000020                _region_min_align = 0x20

.rel.plt        0x0000000008000000        0x0
 *(SORT_BY_ALIGNMENT(.rel.plt))
                [!provide]                        PROVIDE (__rel_iplt_start = .)
 *(SORT_BY_ALIGNMENT(.rel.iplt))
 .rel.iplt      0x0000000008000000        0x0 zephyr/CMakeFiles/zephyr_final.dir/isr_tables.c.obj
                [!provide]                        PROVIDE (__rel_iplt_end = .)

.rela.plt       0x0000000000000000        0x0
 *(SORT_BY_ALIGNMENT(.rela.plt))
                [!provide]                        PROVIDE (__rela_iplt_start = .)
 *(SORT_BY_ALIGNMENT(.rela.iplt))
                [!provide]                        PROVIDE (__rela_iplt_end = .)

.rel.dyn
 *(SORT_BY_ALIGNMENT(.rel.*))

.rela.dyn
 *(SORT_BY_ALIGNMENT(.rela.*))

/DISCARD/
 *(SORT_BY_ALIGNMENT(.plt))
 *(SORT_BY_ALIGNMENT(.iplt))
 *(SORT_BY_ALIGNMENT(.got.plt))
 *(SORT_BY_ALIGNMENT(.igot.plt))
 *(SORT_BY_ALIGNMENT(.got))
 *(SORT_BY_ALIGNMENT(.igot))
 *(SORT_BY_ALIGNMENT(.irq_info*))
 *(SORT_BY_ALIGNMENT(.intList*))
 *(SORT_BY_ALIGNMENT(.note.GNU-stack))
                0x0000000008000000                __rom_region_start = 0x8000000

rom_start       0x0000000008000000      0x188
                0x0000000000000000                . = 0x0
                0x0000000000000000                . = ALIGN (0x4)
                0x0000000000000000                . = ALIGN (0x80)
                0x0000000000000000                . = ALIGN (0x200)
                0x0000000008000000                _vector_start = .
 *(SORT_BY_ALIGNMENT(.exc_vector_table))
 *(SORT_BY_ALIGNMENT(.exc_vector_table.*))
 .exc_vector_table._vector_table_section
                0x0000000008000000       0x40 zephyr/arch/arch/arm/core/aarch32/cortex_m/libarch__arm__core__aarch32__cortex_m.a(vector_table.S.obj)
                0x0000000008000000                _vector_table
 *(SORT_BY_ALIGNMENT(.gnu.linkonce.irq_vector_table*))
 .gnu.linkonce.irq_vector_table
                0x0000000008000040      0x148 zephyr/CMakeFiles/zephyr_final.dir/isr_tables.c.obj
                0x0000000008000040                _irq_vector_table
 *(SORT_BY_ALIGNMENT(.vectors))
                0x0000000008000188                _vector_end = .

text            0x0000000008000190    0x14b16
                0x0000000008000190                __text_region_start = .
 *(SORT_BY_ALIGNMENT(.text))
 .text          0x0000000008000190       0xa0 /home/ishan/zephyr-sdk-0.13.2/arm-zephyr-eabi/arm-zephyr-eabi/lib/thumb/v7e-m/nofp/libc_nano.a(lib_a-memchr.o)
                0x0000000008000190                memchr
 .text          0x0000000008000230       0x30 /home/ishan/zephyr-sdk-0.13.2/arm-zephyr-eabi/bin/../lib/gcc/arm-zephyr-eabi/10.3.0/thumb/v7e-m/nofp/libgcc.a(_aeabi_uldivmod.o)
                0x0000000008000230                __aeabi_uldivmod
 .text          0x0000000008000260        0x4 /home/ishan/zephyr-sdk-0.13.2/arm-zephyr-eabi/bin/../lib/gcc/arm-zephyr-eabi/10.3.0/thumb/v7e-m/nofp/libgcc.a(_dvmd_tls.o)
                0x0000000008000260                __aeabi_ldiv0
                0x0000000008000260                __aeabi_idiv0
 .text          0x0000000008000264      0x2a6 /home/ishan/zephyr-sdk-0.13.2/arm-zephyr-eabi/bin/../lib/gcc/arm-zephyr-eabi/10.3.0/thumb/v7e-m/nofp/libgcc.a(_udivmoddi4.o)
                0x0000000008000264                __udivmoddi4
 .text          0x000000000800050a       0x14 /home/ishan/zephyr-sdk-0.13.2/arm-zephyr-eabi/arm-zephyr-eabi/lib/thumb/v7e-m/nofp/libc_nano.a(lib_a-strcmp.o)
                0x000000000800050a                strcmp
 .text          0x000000000800051e       0x10 /home/ishan/zephyr-sdk-0.13.2/arm-zephyr-eabi/arm-zephyr-eabi/lib/thumb/v7e-m/nofp/libc_nano.a(lib_a-strlen.o)
                0x000000000800051e                strlen
 *(SORT_BY_ALIGNMENT(.text.*))
 *fill*         0x000000000800052e        0x2 
 .text.handle_ipv4_echo_reply
                0x0000000008000530      0x104 zephyr/subsys/net/ip/libsubsys__net__ip.a(net_shell.c.obj)
 .text.main     0x0000000008000634      0x154 app/libapp.a(socket_echo.c.obj)
                0x0000000008000634                main
 .text.Wifi_event_listener
                0x0000000008000788       0x1c app/libapp.a(wifi_demo.c.obj)
                0x0000000008000788                Wifi_event_listener
 .text.Wifi_autoconnect
                0x00000000080007a4       0xb4 app/libapp.a(wifi_demo.c.obj)
                0x00000000080007a4                Wifi_autoconnect
 .text._check_fd
                0x0000000008000858       0x30 zephyr/libzephyr.a(fdtable.c.obj)
 .text.z_get_fd_obj
                0x0000000008000888       0x30 zephyr/libzephyr.a(fdtable.c.obj)
                0x0000000008000888                z_get_fd_obj
 .text.z_get_fd_obj_and_vtable
                0x00000000080008b8       0x34 zephyr/libzephyr.a(fdtable.c.obj)
                0x00000000080008b8                z_get_fd_obj_and_vtable
 .text.z_reserve_fd
                0x00000000080008ec       0x78 zephyr/libzephyr.a(fdtable.c.obj)
                0x00000000080008ec                z_reserve_fd
 .text.z_finalize_fd
                0x0000000008000964       0x30 zephyr/libzephyr.a(fdtable.c.obj)
                0x0000000008000964                z_finalize_fd
 .text.z_free_fd
                0x0000000008000994       0x48 zephyr/libzephyr.a(fdtable.c.obj)
                0x0000000008000994                z_free_fd
 .text.char_out
                0x00000000080009dc       0x10 zephyr/libzephyr.a(printk.c.obj)
 .text.__printk_hook_install
                0x00000000080009ec        0xc zephyr/libzephyr.a(printk.c.obj)
                0x00000000080009ec                __printk_hook_install
 .text.vprintk  0x00000000080009f8       0x1c zephyr/libzephyr.a(printk.c.obj)
                0x00000000080009f8                vprintk
 .text.vsnprintk
                0x0000000008000a14       0x28 zephyr/libzephyr.a(printk.c.obj)
                0x0000000008000a14                vsnprintk
 .text.extract_decimal
                0x0000000008000a3c       0x28 zephyr/libzephyr.a(cbprintf_complete.c.obj)
 .text.encode_uint
                0x0000000008000a64       0x98 zephyr/libzephyr.a(cbprintf_complete.c.obj)
 .text.cbvprintf
                0x0000000008000afc      0x734 zephyr/libzephyr.a(cbprintf_complete.c.obj)
                0x0000000008000afc                cbvprintf
 .text.foldcase
                0x0000000008001230       0x18 zephyr/libzephyr.a(fnmatch.c.obj)
 .text.stm32l4_init
                0x0000000008001248       0x2c zephyr/libzephyr.a(soc.c.obj)
 .text.cmd_kernel_version
                0x0000000008001274       0x2c zephyr/libzephyr.a(kernel_service.c.obj)
 .text.cmd_kernel_uptime
                0x00000000080012a0       0x24 zephyr/libzephyr.a(kernel_service.c.obj)
 .text.cmd_kernel_threads
                0x00000000080012c4       0x38 zephyr/libzephyr.a(kernel_service.c.obj)
 .text.cmd_kernel_stacks
                0x00000000080012fc       0x60 zephyr/libzephyr.a(kernel_service.c.obj)
 .text.shell_tdata_dump
                0x000000000800135c       0xc4 zephyr/libzephyr.a(kernel_service.c.obj)
 .text.cmd_kernel_cycles
                0x0000000008001420       0x1c zephyr/libzephyr.a(kernel_service.c.obj)
 .text.shell_stack_dump
                0x000000000800143c       0x64 zephyr/libzephyr.a(kernel_service.c.obj)
 .text.get_device_name
                0x00000000080014a0       0x20 zephyr/libzephyr.a(device_service.c.obj)
 .text.cmd_device_list_visitor
                0x00000000080014c0       0x20 zephyr/libzephyr.a(device_service.c.obj)
 .text.cmd_device_list
                0x00000000080014e0       0x98 zephyr/libzephyr.a(device_service.c.obj)
 .text.device_get_config_level
                0x0000000008001578       0x54 zephyr/libzephyr.a(device_service.c.obj)
 .text.cmd_device_levels
                0x00000000080015cc       0x94 zephyr/libzephyr.a(device_service.c.obj)
 .text.cmd_devmem
                0x0000000008001660       0xc4 zephyr/libzephyr.a(devmem_service.c.obj)
 .text.set_bypass.isra.0
                0x0000000008001724       0x48 zephyr/libzephyr.a(devmem_service.c.obj)
 .text.bypass_cb
                0x000000000800176c      0x118 zephyr/libzephyr.a(devmem_service.c.obj)
 .text.cmd_load
                0x0000000008001884       0xe0 zephyr/libzephyr.a(devmem_service.c.obj)
 .text.init     0x0000000008001964       0x44 zephyr/libzephyr.a(shell_uart.c.obj)
 .text.enable_shell_uart
                0x00000000080019a8       0x34 zephyr/libzephyr.a(shell_uart.c.obj)
 .text.shell_internal_help_print
                0x00000000080019dc       0x20 zephyr/libzephyr.a(shell.c.obj)
 .text.z_cursor_next_line_move.isra.0
                0x00000000080019fc        0xc zephyr/libzephyr.a(shell.c.obj)
 .text.history_handle
                0x0000000008001a08       0xa4 zephyr/libzephyr.a(shell.c.obj)
 .text.execute  0x0000000008001aac      0x2bc zephyr/libzephyr.a(shell.c.obj)
 .text.state_set.constprop.0
                0x0000000008001d68       0x48 zephyr/libzephyr.a(shell.c.obj)
 .text.shell_process
                0x0000000008001db0      0x690 zephyr/libzephyr.a(shell.c.obj)
                0x0000000008001db0                shell_process
 .text.shell_init
                0x0000000008002440       0xf0 zephyr/libzephyr.a(shell.c.obj)
                0x0000000008002440                shell_init
 .text.shell_start
                0x0000000008002530       0x4c zephyr/libzephyr.a(shell.c.obj)
                0x0000000008002530                shell_start
 .text.shell_thread
                0x000000000800257c       0xa0 zephyr/libzephyr.a(shell.c.obj)
                0x000000000800257c                shell_thread
 .text.cmd_help
                0x000000000800261c       0x4c zephyr/libzephyr.a(shell.c.obj)
 .text.shell_hexdump_line
                0x0000000008002668       0xd8 zephyr/libzephyr.a(shell.c.obj)
                0x0000000008002668                shell_hexdump_line
 .text.z_shell_fprintf_fmt
                0x0000000008002740       0x28 zephyr/libzephyr.a(shell_fprintf.c.obj)
                0x0000000008002740                z_shell_fprintf_fmt
 .text.z_shell_make_argv
                0x0000000008002768      0x198 zephyr/libzephyr.a(shell_utils.c.obj)
                0x0000000008002768                z_shell_make_argv
 .text.z_shell_cmd_get
                0x0000000008002900       0x4c zephyr/libzephyr.a(shell_utils.c.obj)
                0x0000000008002900                z_shell_cmd_get
 .text.z_shell_spaces_trim
                0x000000000800294c       0x74 zephyr/libzephyr.a(shell_utils.c.obj)
                0x000000000800294c                z_shell_spaces_trim
 .text.z_shell_cmd_trim
                0x00000000080029c0       0x6c zephyr/libzephyr.a(shell_utils.c.obj)
                0x00000000080029c0                z_shell_cmd_trim
 .text.z_clear_eos
                0x0000000008002a2c       0x18 zephyr/libzephyr.a(shell_ops.c.obj)
 .text.z_cursor_next_line_move.isra.0
                0x0000000008002a44        0xc zephyr/libzephyr.a(shell_ops.c.obj)
 .text.z_shell_op_cursor_vert_move
                0x0000000008002a50       0x2c zephyr/libzephyr.a(shell_ops.c.obj)
                0x0000000008002a50                z_shell_op_cursor_vert_move
 .text.z_shell_op_cursor_horiz_move
                0x0000000008002a7c       0x2c zephyr/libzephyr.a(shell_ops.c.obj)
                0x0000000008002a7c                z_shell_op_cursor_horiz_move
 .text.z_shell_op_cursor_word_move
                0x0000000008002aa8       0x74 zephyr/libzephyr.a(shell_ops.c.obj)
                0x0000000008002aa8                z_shell_op_cursor_word_move
 .text.z_shell_print_cmd
                0x0000000008002b1c       0x10 zephyr/libzephyr.a(shell_ops.c.obj)
                0x0000000008002b1c                z_shell_print_cmd
 .text.z_shell_vt100_color_set
                0x0000000008002b2c       0x40 zephyr/libzephyr.a(shell_ops.c.obj)
                0x0000000008002b2c                z_shell_vt100_color_set
 .text.z_shell_vt100_colors_restore
                0x0000000008002b6c       0x3c zephyr/libzephyr.a(shell_ops.c.obj)
                0x0000000008002b6c                z_shell_vt100_colors_restore
 .text.z_shell_op_word_remove
                0x0000000008002ba8       0xb8 zephyr/libzephyr.a(shell_ops.c.obj)
                0x0000000008002ba8                z_shell_op_word_remove
 .text.reprint_from_cursor
                0x0000000008002c60       0x78 zephyr/libzephyr.a(shell_ops.c.obj)
 .text.z_shell_op_char_insert
                0x0000000008002cd8       0x68 zephyr/libzephyr.a(shell_ops.c.obj)
                0x0000000008002cd8                z_shell_op_char_insert
 .text.z_shell_print_prompt_and_cmd
                0x0000000008002d40       0x30 zephyr/libzephyr.a(shell_ops.c.obj)
                0x0000000008002d40                z_shell_print_prompt_and_cmd
 .text.z_cursor_next_line_move.isra.0
                0x0000000008002d70        0xc zephyr/libzephyr.a(shell_help.c.obj)
 .text.formatted_text_print.constprop.0
                0x0000000008002d7c       0xe8 zephyr/libzephyr.a(shell_help.c.obj)
 .text.z_shell_help_subcmd_print
                0x0000000008002e64       0xf0 zephyr/libzephyr.a(shell_help.c.obj)
                0x0000000008002e64                z_shell_help_subcmd_print
 .text.z_shell_help_cmd_print
                0x0000000008002f54       0x48 zephyr/libzephyr.a(shell_help.c.obj)
                0x0000000008002f54                z_shell_help_cmd_print
 .text.z_shell_help_request
                0x0000000008002f9c       0x28 zephyr/libzephyr.a(shell_help.c.obj)
                0x0000000008002f9c                z_shell_help_request
 .text.cmd_resize_default
                0x0000000008002fc4       0x28 zephyr/libzephyr.a(shell_cmds.c.obj)
 .text.cmd_shell_stats_show
                0x0000000008002fec       0x18 zephyr/libzephyr.a(shell_cmds.c.obj)
 .text.cmd_history
                0x0000000008003004       0x44 zephyr/libzephyr.a(shell_cmds.c.obj)
 .text.cmd_echo
                0x0000000008003048       0x58 zephyr/libzephyr.a(shell_cmds.c.obj)
 .text.cmd_clear
                0x00000000080030a0       0x34 zephyr/libzephyr.a(shell_cmds.c.obj)
 .text.cmd_resize
                0x00000000080030d4      0x190 zephyr/libzephyr.a(shell_cmds.c.obj)
 .text.z_shell_wildcard_process
                0x0000000008003264       0xe4 zephyr/libzephyr.a(shell_wildcard.c.obj)
                0x0000000008003264                z_shell_wildcard_process
 .text.zsock_socket_internal
                0x0000000008003348       0x80 zephyr/libzephyr.a(sockets.c.obj)
 .text.zsock_accepted_cb
                0x00000000080033c8       0x44 zephyr/libzephyr.a(sockets.c.obj)
 .text.z_impl_zsock_socket
                0x000000000800340c       0x54 zephyr/libzephyr.a(sockets.c.obj)
                0x000000000800340c                z_impl_zsock_socket
 .text.zsock_bind_ctx
                0x0000000008003460       0x44 zephyr/libzephyr.a(sockets.c.obj)
                0x0000000008003460                zsock_bind_ctx
 .text.zsock_connect_ctx
                0x00000000080034a4       0x50 zephyr/libzephyr.a(sockets.c.obj)
                0x00000000080034a4                zsock_connect_ctx
 .text.zsock_listen_ctx
                0x00000000080034f4       0x38 zephyr/libzephyr.a(sockets.c.obj)
                0x00000000080034f4                zsock_listen_ctx
 .text.zsock_accept_ctx
                0x000000000800352c       0xfc zephyr/libzephyr.a(sockets.c.obj)
                0x000000000800352c                zsock_accept_ctx
 .text.zsock_sendto_ctx
                0x0000000008003628      0x11c zephyr/libzephyr.a(sockets.c.obj)
                0x0000000008003628                zsock_sendto_ctx
 .text.socket_offload_dns_register
                0x0000000008003744        0xc zephyr/libzephyr.a(socket_offload.c.obj)
                0x0000000008003744                socket_offload_dns_register
 .text.z_arm_cpu_idle_init
                0x0000000008003750        0xc zephyr/arch/arch/arm/core/aarch32/libarch__arm__core__aarch32.a(cpu_idle.S.obj)
                0x0000000008003750                z_arm_cpu_idle_init
 .text.arch_cpu_idle
                0x000000000800375c       0x1c zephyr/arch/arch/arm/core/aarch32/libarch__arm__core__aarch32.a(cpu_idle.S.obj)
                0x000000000800375c                arch_cpu_idle
 .text.arch_irq_enable
                0x0000000008003778       0x20 zephyr/arch/arch/arm/core/aarch32/libarch__arm__core__aarch32.a(irq_manage.c.obj)
                0x0000000008003778                arch_irq_enable
 .text.arch_irq_disable
                0x0000000008003798       0x28 zephyr/arch/arch/arm/core/aarch32/libarch__arm__core__aarch32.a(irq_manage.c.obj)
                0x0000000008003798                arch_irq_disable
 .text.arch_irq_is_enabled
                0x00000000080037c0       0x1c zephyr/arch/arch/arm/core/aarch32/libarch__arm__core__aarch32.a(irq_manage.c.obj)
                0x00000000080037c0                arch_irq_is_enabled
 .text.z_arm_irq_priority_set
                0x00000000080037dc       0x30 zephyr/arch/arch/arm/core/aarch32/libarch__arm__core__aarch32.a(irq_manage.c.obj)
                0x00000000080037dc                z_arm_irq_priority_set
 .text.z_SysNmiOnReset
                0x000000000800380c        0x8 zephyr/arch/arch/arm/core/aarch32/libarch__arm__core__aarch32.a(nmi_on_reset.S.obj)
                0x000000000800380c                z_SysNmiOnReset
 .text.z_arm_prep_c
                0x0000000008003814       0x48 zephyr/arch/arch/arm/core/aarch32/libarch__arm__core__aarch32.a(prep_c.c.obj)
                0x0000000008003814                z_arm_prep_c
 .text.arch_swap
                0x000000000800385c       0x38 zephyr/arch/arch/arm/core/aarch32/libarch__arm__core__aarch32.a(swap.c.obj)
                0x000000000800385c                arch_swap
 .text.z_arm_pendsv
                0x0000000008003894       0x58 zephyr/arch/arch/arm/core/aarch32/libarch__arm__core__aarch32.a(swap_helper.S.obj)
                0x0000000008003894                z_arm_pendsv
 .text.z_arm_svc
                0x00000000080038ec       0x20 zephyr/arch/arch/arm/core/aarch32/libarch__arm__core__aarch32.a(swap_helper.S.obj)
                0x00000000080038ec                z_arm_svc
 .text.arch_new_thread
                0x000000000800390c       0x38 zephyr/arch/arch/arm/core/aarch32/libarch__arm__core__aarch32.a(thread.c.obj)
                0x000000000800390c                arch_new_thread
 .text.z_check_thread_stack_fail
                0x0000000008003944       0x30 zephyr/arch/arch/arm/core/aarch32/libarch__arm__core__aarch32.a(thread.c.obj)
                0x0000000008003944                z_check_thread_stack_fail
 .text.arch_switch_to_main_thread
                0x0000000008003974       0x2c zephyr/arch/arch/arm/core/aarch32/libarch__arm__core__aarch32.a(thread.c.obj)
                0x0000000008003974                arch_switch_to_main_thread
 .text._isr_wrapper
                0x00000000080039a0       0x28 zephyr/arch/arch/arm/core/aarch32/libarch__arm__core__aarch32.a(isr_wrapper.S.obj)
                0x00000000080039a0                _isr_wrapper
 .text._HandlerModeExit
                0x00000000080039c8       0x1c zephyr/arch/arch/arm/core/aarch32/cortex_m/libarch__arm__core__aarch32__cortex_m.a(exc_exit.S.obj)
                0x00000000080039c8                z_arm_exc_exit
                0x00000000080039c8                z_arm_int_exit
 .text.mem_manage_fault
                0x00000000080039e4       0x6c zephyr/arch/arch/arm/core/aarch32/cortex_m/libarch__arm__core__aarch32__cortex_m.a(fault.c.obj)
 .text.bus_fault.constprop.0
                0x0000000008003a50       0x3c zephyr/arch/arch/arm/core/aarch32/cortex_m/libarch__arm__core__aarch32__cortex_m.a(fault.c.obj)
 .text.z_arm_fault
                0x0000000008003a8c      0x134 zephyr/arch/arch/arm/core/aarch32/cortex_m/libarch__arm__core__aarch32__cortex_m.a(fault.c.obj)
                0x0000000008003a8c                z_arm_fault
 .text.z_arm_fault_init
                0x0000000008003bc0       0x10 zephyr/arch/arch/arm/core/aarch32/cortex_m/libarch__arm__core__aarch32__cortex_m.a(fault.c.obj)
                0x0000000008003bc0                z_arm_fault_init
 .text.__fault  0x0000000008003bd0       0x14 zephyr/arch/arch/arm/core/aarch32/cortex_m/libarch__arm__core__aarch32__cortex_m.a(fault_s.S.obj)
                0x0000000008003bd0                z_arm_bus_fault
                0x0000000008003bd0                z_arm_usage_fault
                0x0000000008003bd0                z_arm_mpu_fault
                0x0000000008003bd0                z_arm_exc_spurious
                0x0000000008003bd0                z_arm_debug_monitor
                0x0000000008003bd0                z_arm_hard_fault
 .text.z_arm_interrupt_init
                0x0000000008003be4       0x18 zephyr/arch/arch/arm/core/aarch32/cortex_m/libarch__arm__core__aarch32__cortex_m.a(irq_init.c.obj)
                0x0000000008003be4                z_arm_interrupt_init
 .text._reset_section
                0x0000000008003bfc       0x38 zephyr/arch/arch/arm/core/aarch32/cortex_m/libarch__arm__core__aarch32__cortex_m.a(reset.S.obj)
                0x0000000008003bfc                z_arm_reset
                0x0000000008003bfc                __start
 .text.z_impl_k_thread_abort
                0x0000000008003c34       0x24 zephyr/arch/arch/arm/core/aarch32/cortex_m/libarch__arm__core__aarch32__cortex_m.a(thread_abort.c.obj)
                0x0000000008003c34                z_impl_k_thread_abort
 .text.z_arm_configure_static_mpu_regions
                0x0000000008003c58       0x18 zephyr/arch/arch/arm/core/aarch32/mpu/libarch__arm__core__aarch32__mpu.a(arm_core_mpu.c.obj)
                0x0000000008003c58                z_arm_configure_static_mpu_regions
 .text.z_arm_configure_dynamic_mpu_regions
                0x0000000008003c70       0x24 zephyr/arch/arch/arm/core/aarch32/mpu/libarch__arm__core__aarch32__mpu.a(arm_core_mpu.c.obj)
                0x0000000008003c70                z_arm_configure_dynamic_mpu_regions
 .text.mpu_configure_regions
                0x0000000008003c94       0x84 zephyr/arch/arch/arm/core/aarch32/mpu/libarch__arm__core__aarch32__mpu.a(arm_mpu.c.obj)
 .text.arm_core_mpu_enable
                0x0000000008003d18       0x18 zephyr/arch/arch/arm/core/aarch32/mpu/libarch__arm__core__aarch32__mpu.a(arm_mpu.c.obj)
                0x0000000008003d18                arm_core_mpu_enable
 .text.arm_core_mpu_disable
                0x0000000008003d30       0x14 zephyr/arch/arch/arm/core/aarch32/mpu/libarch__arm__core__aarch32__mpu.a(arm_mpu.c.obj)
                0x0000000008003d30                arm_core_mpu_disable
 .text.arm_core_mpu_configure_static_mpu_regions
                0x0000000008003d44       0x14 zephyr/arch/arch/arm/core/aarch32/mpu/libarch__arm__core__aarch32__mpu.a(arm_mpu.c.obj)
                0x0000000008003d44                arm_core_mpu_configure_static_mpu_regions
 .text.arm_core_mpu_configure_dynamic_mpu_regions
                0x0000000008003d58       0x30 zephyr/arch/arch/arm/core/aarch32/mpu/libarch__arm__core__aarch32__mpu.a(arm_mpu.c.obj)
                0x0000000008003d58                arm_core_mpu_configure_dynamic_mpu_regions
 .text.z_arm_mpu_init
                0x0000000008003d88       0x60 zephyr/arch/arch/arm/core/aarch32/mpu/libarch__arm__core__aarch32__mpu.a(arm_mpu.c.obj)
                0x0000000008003d88                z_arm_mpu_init
 .text.__stdout_hook_install
                0x0000000008003de8        0xc zephyr/lib/libc/newlib/liblib__libc__newlib.a(libc-hooks.c.obj)
                0x0000000008003de8                __stdout_hook_install
 .text.z_impl_zephyr_read_stdin
                0x0000000008003df4       0x28 zephyr/lib/libc/newlib/liblib__libc__newlib.a(libc-hooks.c.obj)
                0x0000000008003df4                z_impl_zephyr_read_stdin
 .text.z_impl_zephyr_write_stdout
                0x0000000008003e1c       0x30 zephyr/lib/libc/newlib/liblib__libc__newlib.a(libc-hooks.c.obj)
                0x0000000008003e1c                z_impl_zephyr_write_stdout
 .text._exit    0x0000000008003e4c       0x10 zephyr/lib/libc/newlib/liblib__libc__newlib.a(libc-hooks.c.obj)
                0x0000000008003e4c                _exit
 .text._sbrk    0x0000000008003e5c       0x28 zephyr/lib/libc/newlib/liblib__libc__newlib.a(libc-hooks.c.obj)
                0x0000000008003e5c                _sbrk
                0x0000000008003e5c                sbrk
 .text.__chk_fail
                0x0000000008003e84       0x1c zephyr/lib/libc/newlib/liblib__libc__newlib.a(libc-hooks.c.obj)
                0x0000000008003e84                __chk_fail
 .text.net_buf_id
                0x0000000008003ea0       0x20 zephyr/subsys/net/libsubsys__net.a(buf.c.obj)
                0x0000000008003ea0                net_buf_id
 .text.fixed_data_alloc
                0x0000000008003ec0       0x30 zephyr/subsys/net/libsubsys__net.a(buf.c.obj)
 .text.net_buf_alloc_len
                0x0000000008003ef0      0x128 zephyr/subsys/net/libsubsys__net.a(buf.c.obj)
                0x0000000008003ef0                net_buf_alloc_len
 .text.net_buf_unref
                0x0000000008004018       0x64 zephyr/subsys/net/libsubsys__net.a(buf.c.obj)
                0x0000000008004018                net_buf_unref
 .text.scan_result_cb
                0x000000000800407c       0x34 zephyr/subsys/net/l2/wifi/libsubsys__net__l2__wifi.a(wifi_mgmt.c.obj)
 .text.wifi_scan
                0x00000000080040b0       0x1c zephyr/subsys/net/l2/wifi/libsubsys__net__l2__wifi.a(wifi_mgmt.c.obj)
                0x00000000080040b0                net_mgmt_NET_REQUEST_WIFI_SCAN
 .text.wifi_mgmt_raise_connect_result_event
                0x00000000080040cc       0x1c zephyr/subsys/net/l2/wifi/libsubsys__net__l2__wifi.a(wifi_mgmt.c.obj)
                0x00000000080040cc                wifi_mgmt_raise_connect_result_event
 .text.wifi_mgmt_raise_disconnect_result_event
                0x00000000080040e8       0x1c zephyr/subsys/net/l2/wifi/libsubsys__net__l2__wifi.a(wifi_mgmt.c.obj)
                0x00000000080040e8                wifi_mgmt_raise_disconnect_result_event
 .text.cmd_wifi_ap_enable
                0x0000000008004104       0x68 zephyr/subsys/net/l2/wifi/libsubsys__net__l2__wifi.a(wifi_shell.c.obj)
 .text.cmd_wifi_disconnect
                0x000000000800416c       0x70 zephyr/subsys/net/l2/wifi/libsubsys__net__l2__wifi.a(wifi_shell.c.obj)
 .text.cmd_wifi_connect
                0x00000000080041dc       0x7c zephyr/subsys/net/l2/wifi/libsubsys__net__l2__wifi.a(wifi_shell.c.obj)
 .text.wifi_shell_init
                0x0000000008004258       0x34 zephyr/subsys/net/l2/wifi/libsubsys__net__l2__wifi.a(wifi_shell.c.obj)
 .text.cmd_wifi_ap_disable
                0x000000000800428c       0x44 zephyr/subsys/net/l2/wifi/libsubsys__net__l2__wifi.a(wifi_shell.c.obj)
 .text.cmd_wifi_scan
                0x00000000080042d0       0x4c zephyr/subsys/net/l2/wifi/libsubsys__net__l2__wifi.a(wifi_shell.c.obj)
 .text.wifi_mgmt_event_handler
                0x000000000800431c      0x21c zephyr/subsys/net/l2/wifi/libsubsys__net__l2__wifi.a(wifi_shell.c.obj)
 .text.net_ipv4_is_ll_addr
                0x0000000008004538       0x18 zephyr/subsys/net/ip/libsubsys__net__ip.a(net_if.c.obj)
 .text.k_mutex_lock.constprop.0.isra.0
                0x0000000008004550       0x10 zephyr/subsys/net/ip/libsubsys__net__ip.a(net_if.c.obj)
 .text.k_mutex_unlock.constprop.0.isra.0
                0x0000000008004560        0xc zephyr/subsys/net/ip/libsubsys__net__ip.a(net_if.c.obj)
 .text.iface_router_update_timer
                0x000000000800456c       0x74 zephyr/subsys/net/ip/libsubsys__net__ip.a(net_if.c.obj)
 .text.net_if_ipv4_get_best_match.isra.0
                0x00000000080045e0       0x6c zephyr/subsys/net/ip/libsubsys__net__ip.a(net_if.c.obj)
 .text.iface_router_expired
                0x000000000800464c       0xa0 zephyr/subsys/net/ip/libsubsys__net__ip.a(net_if.c.obj)
 .text.z_impl_net_if_get_by_index
                0x00000000080046ec       0x24 zephyr/subsys/net/ip/libsubsys__net__ip.a(net_if.c.obj)
                0x00000000080046ec                z_impl_net_if_get_by_index
 .text.net_if_lookup_by_dev
                0x0000000008004710       0x24 zephyr/subsys/net/ip/libsubsys__net__ip.a(net_if.c.obj)
                0x0000000008004710                net_if_lookup_by_dev
 .text.net_if_get_default
                0x0000000008004734       0x14 zephyr/subsys/net/ip/libsubsys__net__ip.a(net_if.c.obj)
                0x0000000008004734                net_if_get_default
 .text.net_if_config_ipv4_get
                0x0000000008004748       0x54 zephyr/subsys/net/ip/libsubsys__net__ip.a(net_if.c.obj)
                0x0000000008004748                net_if_config_ipv4_get
 .text.net_if_ipv4_is_addr_bcast
                0x000000000800479c       0x4c zephyr/subsys/net/ip/libsubsys__net__ip.a(net_if.c.obj)
                0x000000000800479c                net_if_ipv4_is_addr_bcast
 .text.net_if_ipv4_select_src_iface
                0x00000000080047e8       0x44 zephyr/subsys/net/ip/libsubsys__net__ip.a(net_if.c.obj)
                0x00000000080047e8                net_if_ipv4_select_src_iface
 .text.net_if_ipv4_select_src_addr
                0x000000000800482c       0xa8 zephyr/subsys/net/ip/libsubsys__net__ip.a(net_if.c.obj)
                0x000000000800482c                net_if_ipv4_select_src_addr
 .text.net_if_ipv4_addr_lookup
                0x00000000080048d4       0x50 zephyr/subsys/net/ip/libsubsys__net__ip.a(net_if.c.obj)
                0x00000000080048d4                net_if_ipv4_addr_lookup
 .text.net_if_ipv4_addr_add
                0x0000000008004924       0x94 zephyr/subsys/net/ip/libsubsys__net__ip.a(net_if.c.obj)
                0x0000000008004924                net_if_ipv4_addr_add
 .text.net_if_ipv4_maddr_lookup
                0x00000000080049b8       0x5c zephyr/subsys/net/ip/libsubsys__net__ip.a(net_if.c.obj)
                0x00000000080049b8                net_if_ipv4_maddr_lookup
 .text.net_if_call_link_cb
                0x0000000008004a14       0x3c zephyr/subsys/net/ip/libsubsys__net__ip.a(net_if.c.obj)
                0x0000000008004a14                net_if_call_link_cb
 .text.net_if_tx.isra.0
                0x0000000008004a50       0xa4 zephyr/subsys/net/ip/libsubsys__net__ip.a(net_if.c.obj)
 .text.net_if_get_by_iface
                0x0000000008004af4       0x24 zephyr/subsys/net/ip/libsubsys__net__ip.a(net_if.c.obj)
                0x0000000008004af4                net_if_get_by_iface
 .text.net_if_foreach
                0x0000000008004b18       0x24 zephyr/subsys/net/ip/libsubsys__net__ip.a(net_if.c.obj)
                0x0000000008004b18                net_if_foreach
 .text.net_if_up
                0x0000000008004b3c       0x74 zephyr/subsys/net/ip/libsubsys__net__ip.a(net_if.c.obj)
                0x0000000008004b3c                net_if_up
 .text.net_if_down
                0x0000000008004bb0       0x54 zephyr/subsys/net/ip/libsubsys__net__ip.a(net_if.c.obj)
                0x0000000008004bb0                net_if_down
 .text.net_if_init
                0x0000000008004c04       0x88 zephyr/subsys/net/ip/libsubsys__net__ip.a(net_if.c.obj)
                0x0000000008004c04                net_if_init
 .text.net_if_post_init
                0x0000000008004c8c       0x28 zephyr/subsys/net/ip/libsubsys__net__ip.a(net_if.c.obj)
                0x0000000008004c8c                net_if_post_init
 .text.net_sprint_ll_addr_buf
                0x0000000008004cb4       0x60 zephyr/subsys/net/ip/libsubsys__net__ip.a(utils.c.obj)
                0x0000000008004cb4                net_sprint_ll_addr_buf
 .text.z_impl_net_addr_ntop
                0x0000000008004d14      0x1d0 zephyr/subsys/net/ip/libsubsys__net__ip.a(utils.c.obj)
                0x0000000008004d14                z_impl_net_addr_ntop
 .text.net_sprint_addr
                0x0000000008004ee4       0x2c zephyr/subsys/net/ip/libsubsys__net__ip.a(utils.c.obj)
                0x0000000008004ee4                net_sprint_addr
 .text.net_ipv4_unspecified_address
                0x0000000008004f10        0x8 zephyr/subsys/net/ip/libsubsys__net__ip.a(utils.c.obj)
                0x0000000008004f10                net_ipv4_unspecified_address
 .text.net_ipv4_broadcast_address
                0x0000000008004f18        0x8 zephyr/subsys/net/ip/libsubsys__net__ip.a(utils.c.obj)
                0x0000000008004f18                net_ipv4_broadcast_address
 .text.check_used_port
                0x0000000008004f20       0x48 zephyr/subsys/net/ip/libsubsys__net__ip.a(net_context.c.obj)
 .text.find_available_port
                0x0000000008004f68       0x2c zephyr/subsys/net/ip/libsubsys__net__ip.a(net_context.c.obj)
 .text.net_context_packet_received
                0x0000000008004f94       0xb0 zephyr/subsys/net/ip/libsubsys__net__ip.a(net_context.c.obj)
                0x0000000008004f94                net_context_packet_received
 .text.net_context_get
                0x0000000008005044      0x1d4 zephyr/subsys/net/ip/libsubsys__net__ip.a(net_context.c.obj)
                0x0000000008005044                net_context_get
 .text.net_context_put
                0x0000000008005218       0x7c zephyr/subsys/net/ip/libsubsys__net__ip.a(net_context.c.obj)
                0x0000000008005218                net_context_put
 .text.net_context_recv
                0x0000000008005294      0x164 zephyr/subsys/net/ip/libsubsys__net__ip.a(net_context.c.obj)
                0x0000000008005294                net_context_recv
 .text.net_context_get_option
                0x00000000080053f8       0x48 zephyr/subsys/net/ip/libsubsys__net__ip.a(net_context.c.obj)
                0x00000000080053f8                net_context_get_option
 .text.net_context_foreach
                0x0000000008005440       0x5c zephyr/subsys/net/ip/libsubsys__net__ip.a(net_context.c.obj)
                0x0000000008005440                net_context_foreach
 .text.net_context_init
                0x000000000800549c       0x10 zephyr/subsys/net/ip/libsubsys__net__ip.a(net_context.c.obj)
                0x000000000800549c                net_context_init
 .text.net_pkt_get_reserve_rx_data
                0x00000000080054ac       0x10 zephyr/subsys/net/ip/libsubsys__net__ip.a(net_pkt.c.obj)
                0x00000000080054ac                net_pkt_get_reserve_rx_data
 .text.net_pkt_get_reserve_tx_data
                0x00000000080054bc       0x10 zephyr/subsys/net/ip/libsubsys__net__ip.a(net_pkt.c.obj)
                0x00000000080054bc                net_pkt_get_reserve_tx_data
 .text.net_pkt_get_frag
                0x00000000080054cc       0x20 zephyr/subsys/net/ip/libsubsys__net__ip.a(net_pkt.c.obj)
                0x00000000080054cc                net_pkt_get_frag
 .text.net_pkt_get_info
                0x00000000080054ec       0x2c zephyr/subsys/net/ip/libsubsys__net__ip.a(net_pkt.c.obj)
                0x00000000080054ec                net_pkt_get_info
 .text.pkt_alloc
                0x0000000008005518       0x60 zephyr/subsys/net/ip/libsubsys__net__ip.a(net_pkt.c.obj)
 .text.net_pkt_alloc
                0x0000000008005578       0x10 zephyr/subsys/net/ip/libsubsys__net__ip.a(net_pkt.c.obj)
                0x0000000008005578                net_pkt_alloc
 .text.net_pkt_rx_alloc
                0x0000000008005588       0x10 zephyr/subsys/net/ip/libsubsys__net__ip.a(net_pkt.c.obj)
                0x0000000008005588                net_pkt_rx_alloc
 .text.net_pkt_alloc_buffer
                0x0000000008005598      0x164 zephyr/subsys/net/ip/libsubsys__net__ip.a(net_pkt.c.obj)
                0x0000000008005598                net_pkt_alloc_buffer
 .text.net_pkt_alloc_with_buffer
                0x00000000080056fc       0x24 zephyr/subsys/net/ip/libsubsys__net__ip.a(net_pkt.c.obj)
                0x00000000080056fc                net_pkt_alloc_with_buffer
 .text.net_pkt_rx_alloc_with_buffer
                0x0000000008005720       0x24 zephyr/subsys/net/ip/libsubsys__net__ip.a(net_pkt.c.obj)
                0x0000000008005720                net_pkt_rx_alloc_with_buffer
 .text.net_tc_rx_init
                0x0000000008005744       0x70 zephyr/subsys/net/ip/libsubsys__net__ip.a(net_tc.c.obj)
                0x0000000008005744                net_tc_rx_init
 .text.k_mutex_unlock.constprop.0.isra.0
                0x00000000080057b4        0xc zephyr/subsys/net/ip/libsubsys__net__ip.a(net_mgmt.c.obj)
 .text.mgmt_thread
                0x00000000080057c0      0x148 zephyr/subsys/net/ip/libsubsys__net__ip.a(net_mgmt.c.obj)
 .text.net_mgmt_add_event_callback
                0x0000000008005908       0x40 zephyr/subsys/net/ip/libsubsys__net__ip.a(net_mgmt.c.obj)
                0x0000000008005908                net_mgmt_add_event_callback
 .text.net_mgmt_del_event_callback
                0x0000000008005948       0x70 zephyr/subsys/net/ip/libsubsys__net__ip.a(net_mgmt.c.obj)
                0x0000000008005948                net_mgmt_del_event_callback
 .text.net_mgmt_event_notify_with_info
                0x00000000080059b8       0xe8 zephyr/subsys/net/ip/libsubsys__net__ip.a(net_mgmt.c.obj)
                0x00000000080059b8                net_mgmt_event_notify_with_info
 .text.net_mgmt_event_init
                0x0000000008005aa0       0x6c zephyr/subsys/net/ip/libsubsys__net__ip.a(net_mgmt.c.obj)
                0x0000000008005aa0                net_mgmt_event_init
 .text.net_icmpv4_register_handler
                0x0000000008005b0c       0x14 zephyr/subsys/net/ip/libsubsys__net__ip.a(icmpv4.c.obj)
                0x0000000008005b0c                net_icmpv4_register_handler
 .text.net_icmpv4_unregister_handler
                0x0000000008005b20       0x38 zephyr/subsys/net/ip/libsubsys__net__ip.a(icmpv4.c.obj)
                0x0000000008005b20                net_icmpv4_unregister_handler
 .text.net_icmpv4_input
                0x0000000008005b58       0x74 zephyr/subsys/net/ip/libsubsys__net__ip.a(icmpv4.c.obj)
                0x0000000008005b58                net_icmpv4_input
 .text.net_icmpv4_init
                0x0000000008005bcc        0xc zephyr/subsys/net/ip/libsubsys__net__ip.a(icmpv4.c.obj)
                0x0000000008005bcc                net_icmpv4_init
 .text.conn_set_unused
                0x0000000008005bd8       0x20 zephyr/subsys/net/ip/libsubsys__net__ip.a(connection.c.obj)
 .text.net_conn_register
                0x0000000008005bf8      0x178 zephyr/subsys/net/ip/libsubsys__net__ip.a(connection.c.obj)
                0x0000000008005bf8                net_conn_register
 .text.net_conn_unregister
                0x0000000008005d70       0x60 zephyr/subsys/net/ip/libsubsys__net__ip.a(connection.c.obj)
                0x0000000008005d70                net_conn_unregister
 .text.net_conn_input
                0x0000000008005dd0      0x240 zephyr/subsys/net/ip/libsubsys__net__ip.a(connection.c.obj)
                0x0000000008005dd0                net_conn_input
 .text.net_conn_init
                0x0000000008006010       0x48 zephyr/subsys/net/ip/libsubsys__net__ip.a(connection.c.obj)
                0x0000000008006010                net_conn_init
 .text.tcp_send
                0x0000000008006058       0x30 zephyr/subsys/net/ip/libsubsys__net__ip.a(tcp.c.obj)
 .text.tcp_init_isn
                0x0000000008006088       0x88 zephyr/subsys/net/ip/libsubsys__net__ip.a(tcp.c.obj)
 .text.tcp_send_process_no_lock
                0x0000000008006110       0xf8 zephyr/subsys/net/ip/libsubsys__net__ip.a(tcp.c.obj)
 .text.tcp_send_timer_cancel
                0x0000000008006208       0x78 zephyr/subsys/net/ip/libsubsys__net__ip.a(tcp.c.obj)
 .text.tcp_conn_unref
                0x0000000008006280      0x13c zephyr/subsys/net/ip/libsubsys__net__ip.a(tcp.c.obj)
 .text.tcp_data_get
                0x00000000080063bc       0xb8 zephyr/subsys/net/ip/libsubsys__net__ip.a(tcp.c.obj)
 .text.net_tcp_get
                0x0000000008006474      0x154 zephyr/subsys/net/ip/libsubsys__net__ip.a(tcp.c.obj)
                0x0000000008006474                net_tcp_get
 .text.net_tcp_accept
                0x00000000080065c8       0xb4 zephyr/subsys/net/ip/libsubsys__net__ip.a(tcp.c.obj)
                0x00000000080065c8                net_tcp_accept
 .text.net_tcp_foreach
                0x000000000800667c       0x68 zephyr/subsys/net/ip/libsubsys__net__ip.a(tcp.c.obj)
                0x000000000800667c                net_tcp_foreach
 .text.tcp_out_ext
                0x00000000080066e4      0x204 zephyr/subsys/net/ip/libsubsys__net__ip.a(tcp.c.obj)
 .text.tcp_send_queued_data.part.0
                0x00000000080068e8       0x80 zephyr/subsys/net/ip/libsubsys__net__ip.a(tcp.c.obj)
 .text.net_tcp_queue_data
                0x0000000008006968       0xd8 zephyr/subsys/net/ip/libsubsys__net__ip.a(tcp.c.obj)
                0x0000000008006968                net_tcp_queue_data
 .text.tcp_resend_data
                0x0000000008006a40       0xc0 zephyr/subsys/net/ip/libsubsys__net__ip.a(tcp.c.obj)
 .text.net_tcp_put
                0x0000000008006b00       0xa0 zephyr/subsys/net/ip/libsubsys__net__ip.a(tcp.c.obj)
                0x0000000008006b00                net_tcp_put
 .text.tcp_in   0x0000000008006ba0      0x834 zephyr/subsys/net/ip/libsubsys__net__ip.a(tcp.c.obj)
 .text.net_tcp_connect
                0x00000000080073d4      0x14c zephyr/subsys/net/ip/libsubsys__net__ip.a(tcp.c.obj)
                0x00000000080073d4                net_tcp_connect
 .text.tcp_recv
                0x0000000008007520      0x170 zephyr/subsys/net/ip/libsubsys__net__ip.a(tcp.c.obj)
 .text.net_tcp_state_str
                0x0000000008007690       0x18 zephyr/subsys/net/ip/libsubsys__net__ip.a(tcp.c.obj)
                0x0000000008007690                net_tcp_state_str
 .text.net_tcp_init
                0x00000000080076a8       0x34 zephyr/subsys/net/ip/libsubsys__net__ip.a(tcp.c.obj)
                0x00000000080076a8                net_tcp_init
 .text.cmd_net_websocket
                0x00000000080076dc       0x24 zephyr/subsys/net/ip/libsubsys__net__ip.a(net_shell.c.obj)
 .text.cmd_net_vlan
                0x0000000008007700       0x24 zephyr/subsys/net/ip/libsubsys__net__ip.a(net_shell.c.obj)
 .text.cmd_net_virtual
                0x0000000008007724       0x24 zephyr/subsys/net/ip/libsubsys__net__ip.a(net_shell.c.obj)
 .text.tcp_sent_cb
                0x0000000008007748       0x14 zephyr/subsys/net/ip/libsubsys__net__ip.a(net_shell.c.obj)
 .text.cmd_net_suspend
                0x000000000800775c       0x14 zephyr/subsys/net/ip/libsubsys__net__ip.a(net_shell.c.obj)
 .text.cmd_net_stats_all
                0x0000000008007770       0x24 zephyr/subsys/net/ip/libsubsys__net__ip.a(net_shell.c.obj)
 .text.cmd_net_stacks
                0x0000000008007794       0x14 zephyr/subsys/net/ip/libsubsys__net__ip.a(net_shell.c.obj)
 .text.cmd_net_route
                0x00000000080077a8       0x24 zephyr/subsys/net/ip/libsubsys__net__ip.a(net_shell.c.obj)
 .text.cmd_net_ppp_status
                0x00000000080077cc       0x24 zephyr/subsys/net/ip/libsubsys__net__ip.a(net_shell.c.obj)
 .text.cmd_net_ppp_ping
                0x00000000080077f0       0x24 zephyr/subsys/net/ip/libsubsys__net__ip.a(net_shell.c.obj)
 .text.cmd_net_nbr_rm
                0x0000000008007814       0x14 zephyr/subsys/net/ip/libsubsys__net__ip.a(net_shell.c.obj)
 .text.cmd_net_ipv6
                0x0000000008007828       0x1c zephyr/subsys/net/ip/libsubsys__net__ip.a(net_shell.c.obj)
 .text.cmd_net_gptp_port
                0x0000000008007844       0x24 zephyr/subsys/net/ip/libsubsys__net__ip.a(net_shell.c.obj)
 .text.cmd_net_events_on
                0x0000000008007868       0x14 zephyr/subsys/net/ip/libsubsys__net__ip.a(net_shell.c.obj)
 .text.cmd_net_dns_query
                0x000000000800787c       0x14 zephyr/subsys/net/ip/libsubsys__net__ip.a(net_shell.c.obj)
 .text.cmd_net_dns_cancel
                0x0000000008007890       0x24 zephyr/subsys/net/ip/libsubsys__net__ip.a(net_shell.c.obj)
 .text.cmd_net_capture
                0x00000000080078b4       0x24 zephyr/subsys/net/ip/libsubsys__net__ip.a(net_shell.c.obj)
 .text.cmd_net_arp
                0x00000000080078d8       0x24 zephyr/subsys/net/ip/libsubsys__net__ip.a(net_shell.c.obj)
 .text.cmd_net_allocs
                0x00000000080078fc       0x24 zephyr/subsys/net/ip/libsubsys__net__ip.a(net_shell.c.obj)
 .text.get_iface_idx
                0x0000000008007920       0x5c zephyr/subsys/net/ip/libsubsys__net__ip.a(net_shell.c.obj)
 .text.cmd_net_tcp_recv
                0x000000000800797c       0x58 zephyr/subsys/net/ip/libsubsys__net__ip.a(net_shell.c.obj)
 .text.cmd_net_tcp_close
                0x00000000080079d4       0x58 zephyr/subsys/net/ip/libsubsys__net__ip.a(net_shell.c.obj)
 .text.cmd_net_tcp_send
                0x0000000008007a2c       0x7c zephyr/subsys/net/ip/libsubsys__net__ip.a(net_shell.c.obj)
 .text.cmd_net_mem
                0x0000000008007aa8       0xb0 zephyr/subsys/net/ip/libsubsys__net__ip.a(net_shell.c.obj)
 .text.cmd_net_iface
                0x0000000008007b58       0x44 zephyr/subsys/net/ip/libsubsys__net__ip.a(net_shell.c.obj)
 .text.iface_index_get
                0x0000000008007b9c       0x78 zephyr/subsys/net/ip/libsubsys__net__ip.a(net_shell.c.obj)
 .text.cmd_net_iface_down
                0x0000000008007c14       0x5c zephyr/subsys/net/ip/libsubsys__net__ip.a(net_shell.c.obj)
 .text.cmd_net_conn
                0x0000000008007c70       0x8c zephyr/subsys/net/ip/libsubsys__net__ip.a(net_shell.c.obj)
 .text.tcp_cb   0x0000000008007cfc       0x64 zephyr/subsys/net/ip/libsubsys__net__ip.a(net_shell.c.obj)
 .text.cmd_net_udp_close
                0x0000000008007d60       0x44 zephyr/subsys/net/ip/libsubsys__net__ip.a(net_shell.c.obj)
 .text.tcp_connected
                0x0000000008007da4       0x40 zephyr/subsys/net/ip/libsubsys__net__ip.a(net_shell.c.obj)
 .text.cmd_net_tcp_connect
                0x0000000008007de4      0x15c zephyr/subsys/net/ip/libsubsys__net__ip.a(net_shell.c.obj)
 .text.iface_cb
                0x0000000008007f40      0x308 zephyr/subsys/net/ip/libsubsys__net__ip.a(net_shell.c.obj)
 .text.udp_rcvd
                0x0000000008008248       0x64 zephyr/subsys/net/ip/libsubsys__net__ip.a(net_shell.c.obj)
 .text.tcp_recv_cb
                0x00000000080082ac       0x68 zephyr/subsys/net/ip/libsubsys__net__ip.a(net_shell.c.obj)
 .text.context_cb
                0x0000000008008314      0x124 zephyr/subsys/net/ip/libsubsys__net__ip.a(net_shell.c.obj)
 .text.cmd_net_dns
                0x0000000008008438       0x14 zephyr/subsys/net/ip/libsubsys__net__ip.a(net_shell.c.obj)
 .text.cmd_net_resume
                0x000000000800844c       0x14 zephyr/subsys/net/ip/libsubsys__net__ip.a(net_shell.c.obj)
 .text.cmd_net_events_off
                0x0000000008008460       0x14 zephyr/subsys/net/ip/libsubsys__net__ip.a(net_shell.c.obj)
 .text.cmd_net_events
                0x0000000008008474       0x14 zephyr/subsys/net/ip/libsubsys__net__ip.a(net_shell.c.obj)
 .text.cmd_net_nbr
                0x0000000008008488       0x14 zephyr/subsys/net/ip/libsubsys__net__ip.a(net_shell.c.obj)
 .text.udp_sent
                0x000000000800849c       0x24 zephyr/subsys/net/ip/libsubsys__net__ip.a(net_shell.c.obj)
 .text.cmd_net_iface_up
                0x00000000080084c0       0x74 zephyr/subsys/net/ip/libsubsys__net__ip.a(net_shell.c.obj)
 .text.cmd_net_ping
                0x0000000008008534      0x1dc zephyr/subsys/net/ip/libsubsys__net__ip.a(net_shell.c.obj)
 .text.cmd_net_udp_bind
                0x0000000008008710      0x150 zephyr/subsys/net/ip/libsubsys__net__ip.a(net_shell.c.obj)
 .text.cmd_net_udp_send
                0x0000000008008860      0x194 zephyr/subsys/net/ip/libsubsys__net__ip.a(net_shell.c.obj)
 .text.cmd_net_arp_flush
                0x00000000080089f4       0x24 zephyr/subsys/net/ip/libsubsys__net__ip.a(net_shell.c.obj)
 .text.cmd_net_pkt
                0x0000000008008a18      0x164 zephyr/subsys/net/ip/libsubsys__net__ip.a(net_shell.c.obj)
 .text.iface_up_handler
                0x0000000008008b7c       0x28 zephyr/subsys/net/lib/config/libsubsys__net__lib__config.a(init.c.obj)
 .text.net_config_init_by_iface
                0x0000000008008ba4      0x128 zephyr/subsys/net/lib/config/libsubsys__net__lib__config.a(init.c.obj)
                0x0000000008008ba4                net_config_init_by_iface
 .text.net_config_init_app
                0x0000000008008ccc       0x34 zephyr/subsys/net/lib/config/libsubsys__net__lib__config.a(init.c.obj)
                0x0000000008008ccc                net_config_init_app
 .text.init_app
                0x0000000008008d00       0x14 zephyr/subsys/net/lib/config/libsubsys__net__lib__config.a(init.c.obj)
 .text.rand_get
                0x0000000008008d14       0x54 zephyr/subsys/random/libsubsys__random.a(rand32_entropy_device.c.obj)
 .text.z_impl_sys_rand32_get
                0x0000000008008d68       0x34 zephyr/subsys/random/libsubsys__random.a(rand32_entropy_device.c.obj)
                0x0000000008008d68                z_impl_sys_rand32_get
 .text.__stm32_exti_isr.isra.0
                0x0000000008008d9c       0x40 zephyr/drivers/interrupt_controller/libdrivers__interrupt_controller.a(intc_exti_stm32.c.obj)
 .text.stm32_exti_enable
                0x0000000008008ddc       0x1c zephyr/drivers/interrupt_controller/libdrivers__interrupt_controller.a(intc_exti_stm32.c.obj)
                0x0000000008008ddc                stm32_exti_enable
 .text.stm32_exti_disable
                0x0000000008008df8       0x1c zephyr/drivers/interrupt_controller/libdrivers__interrupt_controller.a(intc_exti_stm32.c.obj)
                0x0000000008008df8                stm32_exti_disable
 .text.stm32_exti_trigger
                0x0000000008008e14       0x68 zephyr/drivers/interrupt_controller/libdrivers__interrupt_controller.a(intc_exti_stm32.c.obj)
                0x0000000008008e14                stm32_exti_trigger
 .text.stm32_exti_set_callback
                0x0000000008008e7c       0x24 zephyr/drivers/interrupt_controller/libdrivers__interrupt_controller.a(intc_exti_stm32.c.obj)
                0x0000000008008e7c                stm32_exti_set_callback
 .text.stm32_exti_unset_callback
                0x0000000008008ea0       0x14 zephyr/drivers/interrupt_controller/libdrivers__interrupt_controller.a(intc_exti_stm32.c.obj)
                0x0000000008008ea0                stm32_exti_unset_callback
 .text.stm32_clock_control_on
                0x0000000008008eb4       0x9c zephyr/drivers/clock_control/libdrivers__clock_control.a(clock_stm32_ll_common.c.obj)
 .text.stm32_clock_control_off
                0x0000000008008f50       0x74 zephyr/drivers/clock_control/libdrivers__clock_control.a(clock_stm32_ll_common.c.obj)
 .text.stm32_clock_control_get_subsys_rate
                0x0000000008008fc4       0x20 zephyr/drivers/clock_control/libdrivers__clock_control.a(clock_stm32_ll_common.c.obj)
 .text.stm32_clock_control_init
                0x0000000008008fe4       0x80 zephyr/drivers/clock_control/libdrivers__clock_control.a(clock_stm32_ll_common.c.obj)
                0x0000000008008fe4                stm32_clock_control_init
 .text.config_enable_default_clocks
                0x0000000008009064       0x20 zephyr/drivers/clock_control/libdrivers__clock_control.a(clock_stm32l4_l5_wb_wl.c.obj)
                0x0000000008009064                config_enable_default_clocks
 .text.uart_console_init
                0x0000000008009084       0x30 zephyr/drivers/console/libdrivers__console.a(uart_console.c.obj)
 .text.console_out
                0x00000000080090b4       0x28 zephyr/drivers/console/libdrivers__console.a(uart_console.c.obj)
 .text.clock_control_on.constprop.0
                0x00000000080090dc       0x28 zephyr/drivers/gpio/libdrivers__gpio.a(gpio_stm32.c.obj)
 .text.gpio_stm32_init
                0x0000000008009104       0x24 zephyr/drivers/gpio/libdrivers__gpio.a(gpio_stm32.c.obj)
 .text.gpio_stm32_pin_interrupt_configure
                0x0000000008009128      0x100 zephyr/drivers/gpio/libdrivers__gpio.a(gpio_stm32.c.obj)
 .text.spi_stm32_init
                0x0000000008009228       0xd4 zephyr/drivers/spi/libdrivers__spi.a(spi_ll_stm32.c.obj)
 .text.spi_stm32_transceive
                0x00000000080092fc      0x2ac zephyr/drivers/spi/libdrivers__spi.a(spi_ll_stm32.c.obj)
 .text.eswifi_lock
                0x00000000080095a8       0x58 zephyr/drivers/wifi/libdrivers__wifi.a(eswifi_core.c.obj)
 .text.eswifi_init
                0x0000000008009600       0xa0 zephyr/drivers/wifi/libdrivers__wifi.a(eswifi_core.c.obj)
 .text.eswifi_at_cmd_rsp
                0x00000000080096a0       0xa4 zephyr/drivers/wifi/libdrivers__wifi.a(eswifi_core.c.obj)
                0x00000000080096a0                eswifi_at_cmd_rsp
 .text.eswifi_iface_init
                0x0000000008009744       0xec zephyr/drivers/wifi/libdrivers__wifi.a(eswifi_core.c.obj)
 .text.eswifi_mgmt_ap_disable
                0x0000000008009830       0x3c zephyr/drivers/wifi/libdrivers__wifi.a(eswifi_core.c.obj)
 .text.eswifi_mgmt_ap_enable
                0x000000000800986c      0x134 zephyr/drivers/wifi/libdrivers__wifi.a(eswifi_core.c.obj)
 .text.eswifi_request_work
                0x00000000080099a0      0x280 zephyr/drivers/wifi/libdrivers__wifi.a(eswifi_core.c.obj)
 .text.eswifi_by_iface_idx
                0x0000000008009c20        0x8 zephyr/drivers/wifi/libdrivers__wifi.a(eswifi_core.c.obj)
                0x0000000008009c20                eswifi_by_iface_idx
 .text.eswifi_lock
                0x0000000008009c28       0x58 zephyr/drivers/wifi/libdrivers__wifi.a(eswifi_offload.c.obj)
 .text.eswifi_off_connect_work
                0x0000000008009c80       0x78 zephyr/drivers/wifi/libdrivers__wifi.a(eswifi_offload.c.obj)
 .text.eswifi_off_listen
                0x0000000008009cf8       0x68 zephyr/drivers/wifi/libdrivers__wifi.a(eswifi_offload.c.obj)
 .text.eswifi_off_get
                0x0000000008009d60       0xa0 zephyr/drivers/wifi/libdrivers__wifi.a(eswifi_offload.c.obj)
 .text.__eswifi_off_send_pkt
                0x0000000008009e00       0xa8 zephyr/drivers/wifi/libdrivers__wifi.a(eswifi_offload.c.obj)
 .text.eswifi_off_send_work
                0x0000000008009ea8       0x5c zephyr/drivers/wifi/libdrivers__wifi.a(eswifi_offload.c.obj)
 .text.eswifi_offload_async_msg
                0x0000000008009f04       0xec zephyr/drivers/wifi/libdrivers__wifi.a(eswifi_offload.c.obj)
                0x0000000008009f04                eswifi_offload_async_msg
 .text.eswifi_offload_init
                0x0000000008009ff0       0x64 zephyr/drivers/wifi/libdrivers__wifi.a(eswifi_offload.c.obj)
                0x0000000008009ff0                eswifi_offload_init
 .text.__select_socket
                0x000000000800a054       0x28 zephyr/drivers/wifi/libdrivers__wifi.a(eswifi_socket.c.obj)
 .text.__stop_socket.isra.0
                0x000000000800a07c       0x48 zephyr/drivers/wifi/libdrivers__wifi.a(eswifi_socket.c.obj)
 .text.eswifi_off_read_work
                0x000000000800a0c4      0x198 zephyr/drivers/wifi/libdrivers__wifi.a(eswifi_socket.c.obj)
 .text.__eswifi_bind
                0x000000000800a25c       0x4c zephyr/drivers/wifi/libdrivers__wifi.a(eswifi_socket.c.obj)
                0x000000000800a25c                __eswifi_bind
 .text.__eswifi_off_start_client
                0x000000000800a2a8       0xbc zephyr/drivers/wifi/libdrivers__wifi.a(eswifi_socket.c.obj)
                0x000000000800a2a8                __eswifi_off_start_client
 .text.__eswifi_accept
                0x000000000800a364       0x44 zephyr/drivers/wifi/libdrivers__wifi.a(eswifi_socket.c.obj)
                0x000000000800a364                __eswifi_accept
 .text.__eswifi_socket_new
                0x000000000800a3a8       0xa4 zephyr/drivers/wifi/libdrivers__wifi.a(eswifi_socket.c.obj)
                0x000000000800a3a8                __eswifi_socket_new
 .text.eswifi_spi_init
                0x000000000800a44c       0x74 zephyr/drivers/wifi/libdrivers__wifi.a(eswifi_bus_spi.c.obj)
                0x000000000800a44c                eswifi_spi_init
 .text.eswifi_spi_poll_thread
                0x000000000800a4c0       0xb8 zephyr/drivers/wifi/libdrivers__wifi.a(eswifi_bus_spi.c.obj)
 .text.eswifi_get_bus
                0x000000000800a578        0x8 zephyr/drivers/wifi/libdrivers__wifi.a(eswifi_bus_spi.c.obj)
                0x000000000800a578                eswifi_get_bus
 .text.eswifi_lock
                0x000000000800a580       0x58 zephyr/drivers/wifi/libdrivers__wifi.a(eswifi_socket_offload.c.obj)
 .text.eswifi_socket_accept
                0x000000000800a5d8       0x64 zephyr/drivers/wifi/libdrivers__wifi.a(eswifi_socket_offload.c.obj)
 .text.eswifi_socket_connect
                0x000000000800a63c       0x80 zephyr/drivers/wifi/libdrivers__wifi.a(eswifi_socket_offload.c.obj)
 .text.eswifi_socket_bind
                0x000000000800a6bc       0x44 zephyr/drivers/wifi/libdrivers__wifi.a(eswifi_socket_offload.c.obj)
 .text.eswifi_socket_ioctl
                0x000000000800a700       0xb4 zephyr/drivers/wifi/libdrivers__wifi.a(eswifi_socket_offload.c.obj)
 .text.eswifi_socket_close
                0x000000000800a7b4       0x7c zephyr/drivers/wifi/libdrivers__wifi.a(eswifi_socket_offload.c.obj)
 .text.__process_received
                0x000000000800a830       0x2c zephyr/drivers/wifi/libdrivers__wifi.a(eswifi_socket_offload.c.obj)
 .text.eswifi_socket_create
                0x000000000800a85c       0xb4 zephyr/drivers/wifi/libdrivers__wifi.a(eswifi_socket_offload.c.obj)
 .text.eswifi_off_getaddrinfo
                0x000000000800a910      0x110 zephyr/drivers/wifi/libdrivers__wifi.a(eswifi_socket_offload.c.obj)
 .text.eswifi_socket_recv.constprop.0
                0x000000000800aa20       0xb0 zephyr/drivers/wifi/libdrivers__wifi.a(eswifi_socket_offload.c.obj)
 .text.eswifi_socket_send.constprop.0
                0x000000000800aad0       0xbc zephyr/drivers/wifi/libdrivers__wifi.a(eswifi_socket_offload.c.obj)
 .text.eswifi_socket_offload_init
                0x000000000800ab8c       0x18 zephyr/drivers/wifi/libdrivers__wifi.a(eswifi_socket_offload.c.obj)
                0x000000000800ab8c                eswifi_socket_offload_init
 .text.uart_stm32_irq_err_enable
                0x000000000800aba4       0x48 zephyr/drivers/serial/libdrivers__serial.a(uart_stm32.c.obj)
 .text.uart_stm32_irq_err_disable
                0x000000000800abec       0x48 zephyr/drivers/serial/libdrivers__serial.a(uart_stm32.c.obj)
 .text.uart_stm32_init
                0x000000000800ac34       0xe8 zephyr/drivers/serial/libdrivers__serial.a(uart_stm32.c.obj)
 .text.uart_stm32_configure
                0x000000000800ad1c      0x154 zephyr/drivers/serial/libdrivers__serial.a(uart_stm32.c.obj)
 .text.rng_pool_get
                0x000000000800ae70       0x90 zephyr/drivers/entropy/libdrivers__entropy.a(entropy_stm32.c.obj)
 .text.entropy_stm32_rng_get_entropy
                0x000000000800af00       0x58 zephyr/drivers/entropy/libdrivers__entropy.a(entropy_stm32.c.obj)
 .text.entropy_stm32_rng_init
                0x000000000800af58       0xd8 zephyr/drivers/entropy/libdrivers__entropy.a(entropy_stm32.c.obj)
 .text.random_byte_get
                0x000000000800b030       0x64 zephyr/drivers/entropy/libdrivers__entropy.a(entropy_stm32.c.obj)
 .text.entropy_stm32_rng_get_entropy_isr
                0x000000000800b094       0x94 zephyr/drivers/entropy/libdrivers__entropy.a(entropy_stm32.c.obj)
 .text.stm32_rng_isr
                0x000000000800b128       0x74 zephyr/drivers/entropy/libdrivers__entropy.a(entropy_stm32.c.obj)
 .text.elapsed  0x000000000800b19c       0x3c zephyr/drivers/timer/libdrivers__timer.a(cortex_m_systick.c.obj)
 .text.sys_clock_driver_init
                0x000000000800b1d8       0x34 zephyr/drivers/timer/libdrivers__timer.a(cortex_m_systick.c.obj)
 .text.sys_clock_isr
                0x000000000800b20c       0x44 zephyr/drivers/timer/libdrivers__timer.a(cortex_m_systick.c.obj)
                0x000000000800b20c                sys_clock_isr
 .text.sys_clock_set_timeout
                0x000000000800b250       0xdc zephyr/drivers/timer/libdrivers__timer.a(cortex_m_systick.c.obj)
                0x000000000800b250                sys_clock_set_timeout
 .text.sys_clock_elapsed
                0x000000000800b32c       0x3c zephyr/drivers/timer/libdrivers__timer.a(cortex_m_systick.c.obj)
                0x000000000800b32c                sys_clock_elapsed
 .text.sys_clock_cycle_get_32
                0x000000000800b368       0x2c zephyr/drivers/timer/libdrivers__timer.a(cortex_m_systick.c.obj)
                0x000000000800b368                sys_clock_cycle_get_32
 .text.pinctrl_configure_pins
                0x000000000800b394       0x7c zephyr/drivers/pinctrl/libdrivers__pinctrl.a(pinctrl_stm32.c.obj)
                0x000000000800b394                pinctrl_configure_pins
 .text.UTILS_PLL_IsBusy
                0x000000000800b410       0x28 modules/stm32/stm32cube/lib..__modules__hal__stm32__stm32cube.a(stm32l4xx_ll_utils.c.obj)
 .text.LL_SetFlashLatency
                0x000000000800b438       0xa4 modules/stm32/stm32cube/lib..__modules__hal__stm32__stm32cube.a(stm32l4xx_ll_utils.c.obj)
                0x000000000800b438                LL_SetFlashLatency
 .text.UTILS_EnablePLLAndSwitchSystem
                0x000000000800b4dc       0x94 modules/stm32/stm32cube/lib..__modules__hal__stm32__stm32cube.a(stm32l4xx_ll_utils.c.obj)
 .text.LL_PLL_ConfigSystemClock_HSI
                0x000000000800b570       0x60 modules/stm32/stm32cube/lib..__modules__hal__stm32__stm32cube.a(stm32l4xx_ll_utils.c.obj)
                0x000000000800b570                LL_PLL_ConfigSystemClock_HSI
 .text.mbedtls_internal_md5_process
                0x000000000800b5d0      0x74c modules/mbedtls/libmodules__mbedtls.a(md5.c.obj)
                0x000000000800b5d0                mbedtls_internal_md5_process
 .text.mbedtls_md5
                0x000000000800bd1c       0x5c modules/mbedtls/libmodules__mbedtls.a(md5.c.obj)
                0x000000000800bd1c                mbedtls_md5
 .text.mbedtls_platform_zeroize
                0x000000000800bd78       0x14 modules/mbedtls/libmodules__mbedtls.a(platform_util.c.obj)
                0x000000000800bd78                mbedtls_platform_zeroize
 .text.device_visitor
                0x000000000800bd8c       0x5c zephyr/kernel/libkernel.a(device.c.obj)
 .text.z_sys_init_run_level
                0x000000000800bde8       0x40 zephyr/kernel/libkernel.a(device.c.obj)
                0x000000000800bde8                z_sys_init_run_level
 .text.z_device_get_all_static
                0x000000000800be28       0x1c zephyr/kernel/libkernel.a(device.c.obj)
                0x000000000800be28                z_device_get_all_static
 .text.z_impl_device_get_binding
                0x000000000800be44       0x54 zephyr/kernel/libkernel.a(device.c.obj)
                0x000000000800be44                z_impl_device_get_binding
 .text.z_impl_z_errno
                0x000000000800be98        0xc zephyr/kernel/libkernel.a(errno.c.obj)
                0x000000000800be98                z_impl_z_errno
 .text.init_idle_thread
                0x000000000800bea4       0x6c zephyr/kernel/libkernel.a(init.c.obj)
 .text.bg_thread_main
                0x000000000800bf10       0x34 zephyr/kernel/libkernel.a(init.c.obj)
 .text.z_bss_zero
                0x000000000800bf44       0x14 zephyr/kernel/libkernel.a(init.c.obj)
                0x000000000800bf44                z_bss_zero
 .text.z_cstart
                0x000000000800bf58       0xe4 zephyr/kernel/libkernel.a(init.c.obj)
                0x000000000800bf58                z_cstart
 .text.statics_init
                0x000000000800c03c       0x24 zephyr/kernel/libkernel.a(kheap.c.obj)
 .text.init_mem_slab_module
                0x000000000800c060       0x44 zephyr/kernel/libkernel.a(mem_slab.c.obj)
 .text.k_mem_slab_alloc
                0x000000000800c0a4       0x5c zephyr/kernel/libkernel.a(mem_slab.c.obj)
                0x000000000800c0a4                k_mem_slab_alloc
 .text.k_thread_foreach
                0x000000000800c100       0x34 zephyr/kernel/libkernel.a(thread.c.obj)
                0x000000000800c100                k_thread_foreach
 .text.z_thread_monitor_exit
                0x000000000800c134       0x3c zephyr/kernel/libkernel.a(thread.c.obj)
                0x000000000800c134                z_thread_monitor_exit
 .text.z_impl_k_thread_name_set
                0x000000000800c170       0x20 zephyr/kernel/libkernel.a(thread.c.obj)
                0x000000000800c170                z_impl_k_thread_name_set
 .text.k_thread_state_str
                0x000000000800c190       0x74 zephyr/kernel/libkernel.a(thread.c.obj)
                0x000000000800c190                k_thread_state_str
 .text.z_setup_new_thread
                0x000000000800c204       0xcc zephyr/kernel/libkernel.a(thread.c.obj)
                0x000000000800c204                z_setup_new_thread
 .text.z_impl_k_thread_create
                0x000000000800c2d0       0x58 zephyr/kernel/libkernel.a(thread.c.obj)
                0x000000000800c2d0                z_impl_k_thread_create
 .text.z_init_static_threads
                0x000000000800c328       0x98 zephyr/kernel/libkernel.a(thread.c.obj)
                0x000000000800c328                z_init_static_threads
 .text.z_impl_k_mutex_lock
                0x000000000800c3c0       0xf0 zephyr/kernel/libkernel.a(mutex.c.obj)
                0x000000000800c3c0                z_impl_k_mutex_lock
 .text.z_impl_k_mutex_unlock
                0x000000000800c4b0       0x88 zephyr/kernel/libkernel.a(mutex.c.obj)
                0x000000000800c4b0                z_impl_k_mutex_unlock
 .text.z_impl_k_queue_get
                0x000000000800c538       0x68 zephyr/kernel/libkernel.a(queue.c.obj)
                0x000000000800c538                z_impl_k_queue_get
 .text.z_impl_k_sem_give
                0x000000000800c5a0       0x4c zephyr/kernel/libkernel.a(sem.c.obj)
                0x000000000800c5a0                z_impl_k_sem_give
 .text.z_impl_k_sem_take
                0x000000000800c5ec       0x50 zephyr/kernel/libkernel.a(sem.c.obj)
                0x000000000800c5ec                z_impl_k_sem_take
 .text.z_impl_k_sem_reset
                0x000000000800c63c       0x48 zephyr/kernel/libkernel.a(sem.c.obj)
                0x000000000800c63c                z_impl_k_sem_reset
 .text.work_queue_main
                0x000000000800c684      0x12c zephyr/kernel/libkernel.a(work.c.obj)
 .text.submit_to_queue_locked
                0x000000000800c7b0       0xa0 zephyr/kernel/libkernel.a(work.c.obj)
 .text.k_work_queue_start
                0x000000000800c850       0x70 zephyr/kernel/libkernel.a(work.c.obj)
                0x000000000800c850                k_work_queue_start
 .text.k_work_schedule_for_queue
                0x000000000800c8c0       0x54 zephyr/kernel/libkernel.a(work.c.obj)
                0x000000000800c8c0                k_work_schedule_for_queue
 .text.k_work_reschedule_for_queue
                0x000000000800c914       0x5c zephyr/kernel/libkernel.a(work.c.obj)
                0x000000000800c914                k_work_reschedule_for_queue
 .text.k_work_reschedule
                0x000000000800c970        0xc zephyr/kernel/libkernel.a(work.c.obj)
                0x000000000800c970                k_work_reschedule
 .text.z_reset_time_slice
                0x000000000800c97c       0x2c zephyr/kernel/libkernel.a(sched.c.obj)
                0x000000000800c97c                z_reset_time_slice
 .text.k_sched_time_slice_set
                0x000000000800c9a8       0x50 zephyr/kernel/libkernel.a(sched.c.obj)
                0x000000000800c9a8                k_sched_time_slice_set
 .text.z_reschedule
                0x000000000800c9f8       0x24 zephyr/kernel/libkernel.a(sched.c.obj)
                0x000000000800c9f8                z_reschedule
 .text.k_sched_lock
                0x000000000800ca1c       0x28 zephyr/kernel/libkernel.a(sched.c.obj)
                0x000000000800ca1c                k_sched_lock
 .text.update_cache
                0x000000000800ca44       0x40 zephyr/kernel/libkernel.a(sched.c.obj)
 .text.move_thread_to_end_of_prio_q
                0x000000000800ca84       0x74 zephyr/kernel/libkernel.a(sched.c.obj)
 .text.z_time_slice
                0x000000000800caf8       0x80 zephyr/kernel/libkernel.a(sched.c.obj)
                0x000000000800caf8                z_time_slice
 .text.ready_thread
                0x000000000800cb78       0x6c zephyr/kernel/libkernel.a(sched.c.obj)
 .text.z_sched_start
                0x000000000800cbe4       0x3c zephyr/kernel/libkernel.a(sched.c.obj)
                0x000000000800cbe4                z_sched_start
 .text.unready_thread
                0x000000000800cc20       0x30 zephyr/kernel/libkernel.a(sched.c.obj)
 .text.pend     0x000000000800cc50       0x4c zephyr/kernel/libkernel.a(sched.c.obj)
 .text.z_pend_curr
                0x000000000800cc9c       0x28 zephyr/kernel/libkernel.a(sched.c.obj)
                0x000000000800cc9c                z_pend_curr
 .text.z_set_prio
                0x000000000800ccc4       0x90 zephyr/kernel/libkernel.a(sched.c.obj)
                0x000000000800ccc4                z_set_prio
 .text.z_impl_k_thread_suspend
                0x000000000800cd54       0x64 zephyr/kernel/libkernel.a(sched.c.obj)
                0x000000000800cd54                z_impl_k_thread_suspend
 .text.k_sched_unlock
                0x000000000800cdb8       0x38 zephyr/kernel/libkernel.a(sched.c.obj)
                0x000000000800cdb8                k_sched_unlock
 .text.z_sched_init
                0x000000000800cdf0       0x18 zephyr/kernel/libkernel.a(sched.c.obj)
                0x000000000800cdf0                z_sched_init
 .text.z_impl_k_yield
                0x000000000800ce08       0x80 zephyr/kernel/libkernel.a(sched.c.obj)
                0x000000000800ce08                z_impl_k_yield
 .text.z_tick_sleep
                0x000000000800ce88       0x90 zephyr/kernel/libkernel.a(sched.c.obj)
 .text.z_impl_k_sleep
                0x000000000800cf18       0x30 zephyr/kernel/libkernel.a(sched.c.obj)
                0x000000000800cf18                z_impl_k_sleep
 .text.z_impl_z_current_get
                0x000000000800cf48        0xc zephyr/kernel/libkernel.a(sched.c.obj)
                0x000000000800cf48                z_impl_z_current_get
 .text.z_impl_k_is_preempt_thread
                0x000000000800cf54       0x20 zephyr/kernel/libkernel.a(sched.c.obj)
                0x000000000800cf54                z_impl_k_is_preempt_thread
 .text.z_thread_abort
                0x000000000800cf74       0xac zephyr/kernel/libkernel.a(sched.c.obj)
                0x000000000800cf74                z_thread_abort
 .text.z_sched_wait
                0x000000000800d020       0x24 zephyr/kernel/libkernel.a(sched.c.obj)
                0x000000000800d020                z_sched_wait
 .text.z_impl_k_condvar_signal
                0x000000000800d044       0x3c zephyr/kernel/libkernel.a(condvar.c.obj)
                0x000000000800d044                z_impl_k_condvar_signal
 .text.z_impl_k_condvar_wait
                0x000000000800d080       0x4c zephyr/kernel/libkernel.a(condvar.c.obj)
                0x000000000800d080                z_impl_k_condvar_wait
 .text.z_data_copy
                0x000000000800d0cc       0x34 zephyr/kernel/libkernel.a(xip.c.obj)
                0x000000000800d0cc                z_data_copy
 .text.elapsed  0x000000000800d100       0x14 zephyr/kernel/libkernel.a(timeout.c.obj)
 .text.next_timeout
                0x000000000800d114       0x50 zephyr/kernel/libkernel.a(timeout.c.obj)
 .text.remove_timeout
                0x000000000800d164       0x34 zephyr/kernel/libkernel.a(timeout.c.obj)
 .text.timeout_rem
                0x000000000800d198       0x4c zephyr/kernel/libkernel.a(timeout.c.obj)
 .text.z_add_timeout
                0x000000000800d1e4       0xf4 zephyr/kernel/libkernel.a(timeout.c.obj)
                0x000000000800d1e4                z_add_timeout
 .text.sys_clock_announce
                0x000000000800d2d8       0xb8 zephyr/kernel/libkernel.a(timeout.c.obj)
                0x000000000800d2d8                sys_clock_announce
 .text.sys_clock_tick_get
                0x000000000800d390       0x30 zephyr/kernel/libkernel.a(timeout.c.obj)
                0x000000000800d390                sys_clock_tick_get
 .text.z_impl_k_busy_wait
                0x000000000800d3c0       0x30 zephyr/kernel/libkernel.a(timeout.c.obj)
                0x000000000800d3c0                z_impl_k_busy_wait
 .text.z_impl_k_poll
                0x000000000800d3f0       0xb8 zephyr/kernel/libkernel.a(poll.c.obj)
                0x000000000800d3f0                z_impl_k_poll
 .text.z_impl_k_poll_signal_raise
                0x000000000800d4a8       0x50 zephyr/kernel/libkernel.a(poll.c.obj)
                0x000000000800d4a8                z_impl_k_poll_signal_raise
 .text.z_thread_aligned_alloc
                0x000000000800d4f8       0x40 zephyr/kernel/libkernel.a(mempool.c.obj)
                0x000000000800d4f8                z_thread_aligned_alloc
 .text.boot_banner
                0x000000000800d538       0x18 zephyr/kernel/libkernel.a(banner.c.obj)
                0x000000000800d538                boot_banner
 .text.k_sys_work_q_init
                0x000000000800d550       0x34 zephyr/kernel/libkernel.a(system_work_q.c.obj)
 .text.calloc   0x000000000800d584       0x10 /home/ishan/zephyr-sdk-0.13.2/arm-zephyr-eabi/arm-zephyr-eabi/lib/thumb/v7e-m/nofp/libc_nano.a(lib_a-calloc.o)
                0x000000000800d584                calloc
 .text.exit     0x000000000800d594       0x28 /home/ishan/zephyr-sdk-0.13.2/arm-zephyr-eabi/arm-zephyr-eabi/lib/thumb/v7e-m/nofp/libc_nano.a(lib_a-exit.o)
                0x000000000800d594                exit
 .text.malloc   0x000000000800d5bc       0x10 /home/ishan/zephyr-sdk-0.13.2/arm-zephyr-eabi/arm-zephyr-eabi/lib/thumb/v7e-m/nofp/libc_nano.a(lib_a-malloc.o)
                0x000000000800d5bc                malloc
 .text.free     0x000000000800d5cc       0x10 /home/ishan/zephyr-sdk-0.13.2/arm-zephyr-eabi/arm-zephyr-eabi/lib/thumb/v7e-m/nofp/libc_nano.a(lib_a-malloc.o)
                0x000000000800d5cc                free
 .text._free_r  0x000000000800d5dc       0x94 /home/ishan/zephyr-sdk-0.13.2/arm-zephyr-eabi/arm-zephyr-eabi/lib/thumb/v7e-m/nofp/libc_nano.a(lib_a-nano-freer.o)
                0x000000000800d5dc                _free_r
 .text._malloc_r
                0x000000000800d670       0xb4 /home/ishan/zephyr-sdk-0.13.2/arm-zephyr-eabi/arm-zephyr-eabi/lib/thumb/v7e-m/nofp/libc_nano.a(lib_a-nano-mallocr.o)
                0x000000000800d670                _malloc_r
 .text.printf   0x000000000800d724       0x30 /home/ishan/zephyr-sdk-0.13.2/arm-zephyr-eabi/arm-zephyr-eabi/lib/thumb/v7e-m/nofp/libc_nano.a(lib_a-printf.o)
                0x000000000800d724                printf
                0x000000000800d724                iprintf
 .text._sbrk_r  0x000000000800d754       0x20 /home/ishan/zephyr-sdk-0.13.2/arm-zephyr-eabi/arm-zephyr-eabi/lib/thumb/v7e-m/nofp/libc_nano.a(lib_a-sbrkr.o)
                0x000000000800d754                _sbrk_r
 .text.snprintf
                0x000000000800d774       0x68 /home/ishan/zephyr-sdk-0.13.2/arm-zephyr-eabi/arm-zephyr-eabi/lib/thumb/v7e-m/nofp/libc_nano.a(lib_a-snprintf.o)
                0x000000000800d774                snprintf
                0x000000000800d774                sniprintf
 .text._strtol_l.constprop.0
                0x000000000800d7dc       0xf8 /home/ishan/zephyr-sdk-0.13.2/arm-zephyr-eabi/arm-zephyr-eabi/lib/thumb/v7e-m/nofp/libc_nano.a(lib_a-strtol.o)
 .text.strtol   0x000000000800d8d4       0x14 /home/ishan/zephyr-sdk-0.13.2/arm-zephyr-eabi/arm-zephyr-eabi/lib/thumb/v7e-m/nofp/libc_nano.a(lib_a-strtol.o)
                0x000000000800d8d4                strtol
 .text._strtoul_l.constprop.0
                0x000000000800d8e8       0xe4 /home/ishan/zephyr-sdk-0.13.2/arm-zephyr-eabi/arm-zephyr-eabi/lib/thumb/v7e-m/nofp/libc_nano.a(lib_a-strtoul.o)
 .text.strtoul  0x000000000800d9cc       0x14 /home/ishan/zephyr-sdk-0.13.2/arm-zephyr-eabi/arm-zephyr-eabi/lib/thumb/v7e-m/nofp/libc_nano.a(lib_a-strtoul.o)
                0x000000000800d9cc                strtoul
 .text.std      0x000000000800d9e0       0x48 /home/ishan/zephyr-sdk-0.13.2/arm-zephyr-eabi/arm-zephyr-eabi/lib/thumb/v7e-m/nofp/libc_nano.a(lib_a-findfp.o)
 .text._cleanup_r
                0x000000000800da28        0xc /home/ishan/zephyr-sdk-0.13.2/arm-zephyr-eabi/arm-zephyr-eabi/lib/thumb/v7e-m/nofp/libc_nano.a(lib_a-findfp.o)
                0x000000000800da28                _cleanup_r
 .text.__sfp_lock_acquire
                0x000000000800da34        0xc /home/ishan/zephyr-sdk-0.13.2/arm-zephyr-eabi/arm-zephyr-eabi/lib/thumb/v7e-m/nofp/libc_nano.a(lib_a-findfp.o)
                0x000000000800da34                __sfp_lock_acquire
 .text.__sfp_lock_release
                0x000000000800da40        0xc /home/ishan/zephyr-sdk-0.13.2/arm-zephyr-eabi/arm-zephyr-eabi/lib/thumb/v7e-m/nofp/libc_nano.a(lib_a-findfp.o)
                0x000000000800da40                __sfp_lock_release
 .text.__sinit_lock_acquire
                0x000000000800da4c        0xc /home/ishan/zephyr-sdk-0.13.2/arm-zephyr-eabi/arm-zephyr-eabi/lib/thumb/v7e-m/nofp/libc_nano.a(lib_a-findfp.o)
                0x000000000800da4c                __sinit_lock_acquire
 .text.__sinit_lock_release
                0x000000000800da58        0xc /home/ishan/zephyr-sdk-0.13.2/arm-zephyr-eabi/arm-zephyr-eabi/lib/thumb/v7e-m/nofp/libc_nano.a(lib_a-findfp.o)
                0x000000000800da58                __sinit_lock_release
 .text.__sinit  0x000000000800da64       0x70 /home/ishan/zephyr-sdk-0.13.2/arm-zephyr-eabi/arm-zephyr-eabi/lib/thumb/v7e-m/nofp/libc_nano.a(lib_a-findfp.o)
                0x000000000800da64                __sinit
 .text.__sfp    0x000000000800dad4       0x8c /home/ishan/zephyr-sdk-0.13.2/arm-zephyr-eabi/arm-zephyr-eabi/lib/thumb/v7e-m/nofp/libc_nano.a(lib_a-findfp.o)
                0x000000000800dad4                __sfp
 .text.__malloc_lock
                0x000000000800db60        0xc /home/ishan/zephyr-sdk-0.13.2/arm-zephyr-eabi/arm-zephyr-eabi/lib/thumb/v7e-m/nofp/libc_nano.a(lib_a-mlock.o)
                0x000000000800db60                __malloc_lock
 .text.__malloc_unlock
                0x000000000800db6c        0xc /home/ishan/zephyr-sdk-0.13.2/arm-zephyr-eabi/arm-zephyr-eabi/lib/thumb/v7e-m/nofp/libc_nano.a(lib_a-mlock.o)
                0x000000000800db6c                __malloc_unlock
 .text._svfprintf_r
                0x000000000800db78      0x200 /home/ishan/zephyr-sdk-0.13.2/arm-zephyr-eabi/arm-zephyr-eabi/lib/thumb/v7e-m/nofp/libc_nano.a(lib_a-nano-svfprintf.o)
                0x000000000800db78                _svfprintf_r
                0x000000000800db78                _svfiprintf_r
 .text._vfprintf_r
                0x000000000800dd78      0x260 /home/ishan/zephyr-sdk-0.13.2/arm-zephyr-eabi/arm-zephyr-eabi/lib/thumb/v7e-m/nofp/libc_nano.a(lib_a-nano-vfprintf.o)
                0x000000000800dd78                _vfiprintf_r
                0x000000000800dd78                _vfprintf_r
 .text._printf_i
                0x000000000800dfd8      0x24c /home/ishan/zephyr-sdk-0.13.2/arm-zephyr-eabi/arm-zephyr-eabi/lib/thumb/v7e-m/nofp/libc_nano.a(lib_a-nano-vfprintf_i.o)
                0x000000000800dfd8                _printf_i
 .text.__swbuf_r
                0x000000000800e224       0xa4 /home/ishan/zephyr-sdk-0.13.2/arm-zephyr-eabi/arm-zephyr-eabi/lib/thumb/v7e-m/nofp/libc_nano.a(lib_a-wbuf.o)
                0x000000000800e224                __swbuf_r
 .text._write_r
                0x000000000800e2c8       0x24 /home/ishan/zephyr-sdk-0.13.2/arm-zephyr-eabi/arm-zephyr-eabi/lib/thumb/v7e-m/nofp/libc_nano.a(lib_a-writer.o)
                0x000000000800e2c8                _write_r
 .text.__swsetup_r
                0x000000000800e2ec       0xdc /home/ishan/zephyr-sdk-0.13.2/arm-zephyr-eabi/arm-zephyr-eabi/lib/thumb/v7e-m/nofp/libc_nano.a(lib_a-wsetup.o)
                0x000000000800e2ec                __swsetup_r
 .text._close_r
                0x000000000800e3c8       0x20 /home/ishan/zephyr-sdk-0.13.2/arm-zephyr-eabi/arm-zephyr-eabi/lib/thumb/v7e-m/nofp/libc_nano.a(lib_a-closer.o)
                0x000000000800e3c8                _close_r
 .text.__sflush_r
                0x000000000800e3e8      0x104 /home/ishan/zephyr-sdk-0.13.2/arm-zephyr-eabi/arm-zephyr-eabi/lib/thumb/v7e-m/nofp/libc_nano.a(lib_a-fflush.o)
                0x000000000800e3e8                __sflush_r
 .text._fflush_r
                0x000000000800e4ec       0x78 /home/ishan/zephyr-sdk-0.13.2/arm-zephyr-eabi/arm-zephyr-eabi/lib/thumb/v7e-m/nofp/libc_nano.a(lib_a-fflush.o)
                0x000000000800e4ec                _fflush_r
 .text._lseek_r
                0x000000000800e564       0x24 /home/ishan/zephyr-sdk-0.13.2/arm-zephyr-eabi/arm-zephyr-eabi/lib/thumb/v7e-m/nofp/libc_nano.a(lib_a-lseekr.o)
                0x000000000800e564                _lseek_r
 .text.__smakebuf_r
                0x000000000800e588       0x80 /home/ishan/zephyr-sdk-0.13.2/arm-zephyr-eabi/arm-zephyr-eabi/lib/thumb/v7e-m/nofp/libc_nano.a(lib_a-makebuf.o)
                0x000000000800e588                __smakebuf_r
 .text._read_r  0x000000000800e608       0x24 /home/ishan/zephyr-sdk-0.13.2/arm-zephyr-eabi/arm-zephyr-eabi/lib/thumb/v7e-m/nofp/libc_nano.a(lib_a-readr.o)
                0x000000000800e608                _read_r
 .text._fstat_r
                0x000000000800e62c       0x24 /home/ishan/zephyr-sdk-0.13.2/arm-zephyr-eabi/arm-zephyr-eabi/lib/thumb/v7e-m/nofp/libc_nano.a(lib_a-fstatr.o)
                0x000000000800e62c                _fstat_r
 .text._isatty_r
                0x000000000800e650       0x20 /home/ishan/zephyr-sdk-0.13.2/arm-zephyr-eabi/arm-zephyr-eabi/lib/thumb/v7e-m/nofp/libc_nano.a(lib_a-isattyr.o)
                0x000000000800e650                _isatty_r
 .text._OffsetAbsSyms
                0x000000000800e670        0x2 zephyr/CMakeFiles/offsets.dir/./arch/arm/core/offsets/offsets.c.obj
                0x000000000800e670                _OffsetAbsSyms
 .text.Wifi_demo
                0x000000000800e672        0x4 app/libapp.a(wifi_demo.c.obj)
                0x000000000800e672                Wifi_demo
 .text.z_fdtable_call_ioctl.constprop.0
                0x000000000800e676       0x1e zephyr/libzephyr.a(fdtable.c.obj)
 .text.char2hex
                0x000000000800e694       0x30 zephyr/libzephyr.a(hex.c.obj)
                0x000000000800e694                char2hex
 .text.hex2bin  0x000000000800e6c4       0x70 zephyr/libzephyr.a(hex.c.obj)
                0x000000000800e6c4                hex2bin
 .text.arch_printk_char_out
                0x000000000800e734        0x4 zephyr/libzephyr.a(printk.c.obj)
                0x000000000800e734                arch_printk_char_out
 .text.str_out  0x000000000800e738       0x26 zephyr/libzephyr.a(printk.c.obj)
 .text.printk   0x000000000800e75e       0x1a zephyr/libzephyr.a(printk.c.obj)
                0x000000000800e75e                printk
 .text.snprintk
                0x000000000800e778       0x1a zephyr/libzephyr.a(printk.c.obj)
                0x000000000800e778                snprintk
 .text.z_thread_entry
                0x000000000800e792       0x14 zephyr/libzephyr.a(thread_entry.c.obj)
                0x000000000800e792                z_thread_entry
 .text.chunk_size
                0x000000000800e7a6        0xa zephyr/libzephyr.a(heap.c.obj)
 .text.free_list_add
                0x000000000800e7b0       0x4e zephyr/libzephyr.a(heap.c.obj)
 .text.free_list_remove_bidx
                0x000000000800e7fe       0x3a zephyr/libzephyr.a(heap.c.obj)
 .text.free_list_remove
                0x000000000800e838       0x1a zephyr/libzephyr.a(heap.c.obj)
 .text.alloc_chunk
                0x000000000800e852       0x6c zephyr/libzephyr.a(heap.c.obj)
 .text.merge_chunks
                0x000000000800e8be       0x2c zephyr/libzephyr.a(heap.c.obj)
 .text.split_chunks
                0x000000000800e8ea       0x34 zephyr/libzephyr.a(heap.c.obj)
 .text.free_chunk
                0x000000000800e91e       0x62 zephyr/libzephyr.a(heap.c.obj)
 .text.sys_heap_free
                0x000000000800e980       0x1e zephyr/libzephyr.a(heap.c.obj)
                0x000000000800e980                sys_heap_free
 .text.sys_heap_alloc
                0x000000000800e99e       0x52 zephyr/libzephyr.a(heap.c.obj)
                0x000000000800e99e                sys_heap_alloc
 .text.sys_heap_aligned_alloc
                0x000000000800e9f0       0xd0 zephyr/libzephyr.a(heap.c.obj)
                0x000000000800e9f0                sys_heap_aligned_alloc
 .text.sys_heap_init
                0x000000000800eac0       0x72 zephyr/libzephyr.a(heap.c.obj)
                0x000000000800eac0                sys_heap_init
 .text.outs     0x000000000800eb32       0x2c zephyr/libzephyr.a(cbprintf_complete.c.obj)
 .text.ring_buf_get_rewind_threshold
                0x000000000800eb5e        0x6 zephyr/libzephyr.a(ring_buffer.c.obj)
                0x000000000800eb5e                ring_buf_get_rewind_threshold
 .text.ring_buf_put_claim
                0x000000000800eb64       0x5a zephyr/libzephyr.a(ring_buffer.c.obj)
                0x000000000800eb64                ring_buf_put_claim
 .text.ring_buf_put_finish
                0x000000000800ebbe       0x38 zephyr/libzephyr.a(ring_buffer.c.obj)
                0x000000000800ebbe                ring_buf_put_finish
 .text.ring_buf_put
                0x000000000800ebf6       0x3e zephyr/libzephyr.a(ring_buffer.c.obj)
                0x000000000800ebf6                ring_buf_put
 .text.ring_buf_get_claim
                0x000000000800ec34       0x56 zephyr/libzephyr.a(ring_buffer.c.obj)
                0x000000000800ec34                ring_buf_get_claim
 .text.ring_buf_get_finish
                0x000000000800ec8a       0x3c zephyr/libzephyr.a(ring_buffer.c.obj)
                0x000000000800ec8a                ring_buf_get_finish
 .text.ring_buf_get
                0x000000000800ecc6       0x40 zephyr/libzephyr.a(ring_buffer.c.obj)
                0x000000000800ecc6                ring_buf_get
 .text.fnmatchx
                0x000000000800ed06      0x252 zephyr/libzephyr.a(fnmatch.c.obj)
 .text.fnmatch  0x000000000800ef58        0x6 zephyr/libzephyr.a(fnmatch.c.obj)
                0x000000000800ef58                fnmatch
 .text._ConfigAbsSyms
                0x000000000800ef5e        0x2 zephyr/libzephyr.a(configs.c.obj)
                0x000000000800ef5e                _ConfigAbsSyms
 .text.st_stm32_common_config
                0x000000000800ef60        0x4 zephyr/libzephyr.a(soc_config.c.obj)
 .text.uart_irq_tx_disable
                0x000000000800ef64        0xa zephyr/libzephyr.a(shell_uart.c.obj)
 .text.uninit   0x000000000800ef6e       0x1c zephyr/libzephyr.a(shell_uart.c.obj)
 .text.enable   0x000000000800ef8a       0x14 zephyr/libzephyr.a(shell_uart.c.obj)
 .text.read     0x000000000800ef9e       0x12 zephyr/libzephyr.a(shell_uart.c.obj)
 .text.ring_buf_reset
                0x000000000800efb0        0xc zephyr/libzephyr.a(shell_uart.c.obj)
 .text.write    0x000000000800efbc       0x6c zephyr/libzephyr.a(shell_uart.c.obj)
 .text.uart_callback
                0x000000000800f028       0xdc zephyr/libzephyr.a(shell_uart.c.obj)
 .text.atomic_or
                0x000000000800f104       0x1e zephyr/libzephyr.a(shell.c.obj)
 .text.atomic_and
                0x000000000800f122       0x1e zephyr/libzephyr.a(shell.c.obj)
 .text.shell_signal_handle
                0x000000000800f140       0x2c zephyr/libzephyr.a(shell.c.obj)
 .text.z_shell_strlen
                0x000000000800f16c        0xc zephyr/libzephyr.a(shell.c.obj)
 .text.z_shell_raw_fprintf
                0x000000000800f178       0x1a zephyr/libzephyr.a(shell.c.obj)
 .text.k_mutex_lock.constprop.0.isra.0
                0x000000000800f192        0x4 zephyr/libzephyr.a(shell.c.obj)
 .text.transport_evt_handler
                0x000000000800f196       0x14 zephyr/libzephyr.a(shell.c.obj)
 .text.kill_handler
                0x000000000800f1aa       0x4a zephyr/libzephyr.a(shell.c.obj)
 .text.z_flag_history_exit_set.isra.0
                0x000000000800f1f4       0x14 zephyr/libzephyr.a(shell.c.obj)
 .text.z_flag_insert_mode_set.isra.0
                0x000000000800f208       0x1e zephyr/libzephyr.a(shell.c.obj)
 .text.k_mutex_unlock.isra.0
                0x000000000800f226        0x4 zephyr/libzephyr.a(shell.c.obj)
 .text.shell_vfprintf
                0x000000000800f22a       0x7a zephyr/libzephyr.a(shell.c.obj)
                0x000000000800f22a                shell_vfprintf
 .text.shell_fprintf
                0x000000000800f2a4       0x1a zephyr/libzephyr.a(shell.c.obj)
                0x000000000800f2a4                shell_fprintf
 .text.shell_hexdump
                0x000000000800f2be       0x30 zephyr/libzephyr.a(shell.c.obj)
                0x000000000800f2be                shell_hexdump
 .text.shell_help
                0x000000000800f2ee       0x2a zephyr/libzephyr.a(shell.c.obj)
                0x000000000800f2ee                shell_help
 .text.shell_set_bypass
                0x000000000800f318        0x6 zephyr/libzephyr.a(shell.c.obj)
                0x000000000800f318                shell_set_bypass
 .text.z_shell_fprintf_buffer_flush
                0x000000000800f31e       0x18 zephyr/libzephyr.a(shell_fprintf.c.obj)
                0x000000000800f31e                z_shell_fprintf_buffer_flush
 .text.out_func
                0x000000000800f336       0x38 zephyr/libzephyr.a(shell_fprintf.c.obj)
 .text.z_shell_strlen
                0x000000000800f36e        0xc zephyr/libzephyr.a(shell_utils.c.obj)
 .text.z_column_span_with_buffer_offsets_get
                0x000000000800f37a       0x1e zephyr/libzephyr.a(shell_utils.c.obj)
                0x000000000800f37a                z_column_span_with_buffer_offsets_get
 .text.z_row_span_with_buffer_offsets_get
                0x000000000800f398       0x16 zephyr/libzephyr.a(shell_utils.c.obj)
                0x000000000800f398                z_row_span_with_buffer_offsets_get
 .text.z_shell_multiline_data_calc
                0x000000000800f3ae       0x2c zephyr/libzephyr.a(shell_utils.c.obj)
                0x000000000800f3ae                z_shell_multiline_data_calc
 .text.z_shell_pattern_remove
                0x000000000800f3da       0x4e zephyr/libzephyr.a(shell_utils.c.obj)
                0x000000000800f3da                z_shell_pattern_remove
 .text.z_shell_find_cmd
                0x000000000800f428       0x56 zephyr/libzephyr.a(shell_utils.c.obj)
                0x000000000800f428                z_shell_find_cmd
 .text.z_shell_get_last_command
                0x000000000800f47e       0x5c zephyr/libzephyr.a(shell_utils.c.obj)
                0x000000000800f47e                z_shell_get_last_command
 .text.z_shell_raw_fprintf
                0x000000000800f4da       0x1a zephyr/libzephyr.a(shell_ops.c.obj)
 .text.full_line_cmd
                0x000000000800f4f4       0x28 zephyr/libzephyr.a(shell_ops.c.obj)
 .text.z_shell_cursor_in_empty_line
                0x000000000800f51c       0x28 zephyr/libzephyr.a(shell_ops.c.obj)
                0x000000000800f51c                z_shell_cursor_in_empty_line
 .text.z_shell_op_cond_next_line
                0x000000000800f544       0x20 zephyr/libzephyr.a(shell_ops.c.obj)
                0x000000000800f544                z_shell_op_cond_next_line
 .text.z_shell_op_cursor_position_synchronize
                0x000000000800f564       0x46 zephyr/libzephyr.a(shell_ops.c.obj)
                0x000000000800f564                z_shell_op_cursor_position_synchronize
 .text.z_shell_op_cursor_move
                0x000000000800f5aa       0x48 zephyr/libzephyr.a(shell_ops.c.obj)
                0x000000000800f5aa                z_shell_op_cursor_move
 .text.z_shell_op_cursor_home_move
                0x000000000800f5f2        0xc zephyr/libzephyr.a(shell_ops.c.obj)
                0x000000000800f5f2                z_shell_op_cursor_home_move
 .text.z_shell_op_cursor_end_move
                0x000000000800f5fe        0xe zephyr/libzephyr.a(shell_ops.c.obj)
                0x000000000800f5fe                z_shell_op_cursor_end_move
 .text.z_shell_op_left_arrow
                0x000000000800f60c       0x10 zephyr/libzephyr.a(shell_ops.c.obj)
                0x000000000800f60c                z_shell_op_left_arrow
 .text.z_shell_op_right_arrow
                0x000000000800f61c       0x12 zephyr/libzephyr.a(shell_ops.c.obj)
                0x000000000800f61c                z_shell_op_right_arrow
 .text.z_shell_op_delete_from_cursor
                0x000000000800f62e       0x12 zephyr/libzephyr.a(shell_ops.c.obj)
                0x000000000800f62e                z_shell_op_delete_from_cursor
 .text.z_shell_cmd_line_erase
                0x000000000800f640       0x34 zephyr/libzephyr.a(shell_ops.c.obj)
                0x000000000800f640                z_shell_cmd_line_erase
 .text.z_shell_write
                0x000000000800f674       0x8a zephyr/libzephyr.a(shell_ops.c.obj)
                0x000000000800f674                z_shell_write
 .text.z_shell_print_stream
                0x000000000800f6fe        0x4 zephyr/libzephyr.a(shell_ops.c.obj)
                0x000000000800f6fe                z_shell_print_stream
 .text.z_shell_vfprintf
                0x000000000800f702       0x4a zephyr/libzephyr.a(shell_ops.c.obj)
                0x000000000800f702                z_shell_vfprintf
 .text.z_shell_fprintf
                0x000000000800f74c       0x1a zephyr/libzephyr.a(shell_ops.c.obj)
                0x000000000800f74c                z_shell_fprintf
 .text.data_insert